Archive member included to satisfy reference by file (symbol)

d:/rt-threadstudio/repo/extract/toolchain_support_packages/arm/gnu_tools_for_arm_embedded_processors/10.2.1/bin/../lib/gcc/arm-none-eabi/10.2.1/../../../../arm-none-eabi/lib/thumb/v8-m.main+fp/hard\libc.a(lib_a-exit.o)
                              d:/rt-threadstudio/repo/extract/toolchain_support_packages/arm/gnu_tools_for_arm_embedded_processors/10.2.1/bin/../lib/gcc/arm-none-eabi/10.2.1/../../../../arm-none-eabi/lib/thumb/v8-m.main+fp/hard/crt0.o (exit)
d:/rt-threadstudio/repo/extract/toolchain_support_packages/arm/gnu_tools_for_arm_embedded_processors/10.2.1/bin/../lib/gcc/arm-none-eabi/10.2.1/../../../../arm-none-eabi/lib/thumb/v8-m.main+fp/hard\libc.a(lib_a-impure.o)
                              d:/rt-threadstudio/repo/extract/toolchain_support_packages/arm/gnu_tools_for_arm_embedded_processors/10.2.1/bin/../lib/gcc/arm-none-eabi/10.2.1/../../../../arm-none-eabi/lib/thumb/v8-m.main+fp/hard\libc.a(lib_a-exit.o) (_global_impure_ptr)
d:/rt-threadstudio/repo/extract/toolchain_support_packages/arm/gnu_tools_for_arm_embedded_processors/10.2.1/bin/../lib/gcc/arm-none-eabi/10.2.1/../../../../arm-none-eabi/lib/thumb/v8-m.main+fp/hard\libc.a(lib_a-memcmp.o)
                              ./rt-thread/components/finsh/shell.o (memcmp)
d:/rt-threadstudio/repo/extract/toolchain_support_packages/arm/gnu_tools_for_arm_embedded_processors/10.2.1/bin/../lib/gcc/arm-none-eabi/10.2.1/../../../../arm-none-eabi/lib/thumb/v8-m.main+fp/hard\libc.a(lib_a-memcpy.o)
                              ./ra/fsp/src/r_sci_uart/r_sci_uart.o (memcpy)
d:/rt-threadstudio/repo/extract/toolchain_support_packages/arm/gnu_tools_for_arm_embedded_processors/10.2.1/bin/../lib/gcc/arm-none-eabi/10.2.1/../../../../arm-none-eabi/lib/thumb/v8-m.main+fp/hard\libc.a(lib_a-memset.o)
                              d:/rt-threadstudio/repo/extract/toolchain_support_packages/arm/gnu_tools_for_arm_embedded_processors/10.2.1/bin/../lib/gcc/arm-none-eabi/10.2.1/../../../../arm-none-eabi/lib/thumb/v8-m.main+fp/hard/crt0.o (memset)
d:/rt-threadstudio/repo/extract/toolchain_support_packages/arm/gnu_tools_for_arm_embedded_processors/10.2.1/bin/../lib/gcc/arm-none-eabi/10.2.1/../../../../arm-none-eabi/lib/thumb/v8-m.main+fp/hard\libc.a(lib_a-strcpy.o)
                              ./rt-thread/components/finsh/shell.o (strcpy)
d:/rt-threadstudio/repo/extract/toolchain_support_packages/arm/gnu_tools_for_arm_embedded_processors/10.2.1/bin/../lib/gcc/arm-none-eabi/10.2.1/../../../../arm-none-eabi/lib/thumb/v8-m.main+fp/hard\libc.a(lib_a-strlen-stub.o)
                              ./rt-thread/components/finsh/msh.o (strlen)
d:/rt-threadstudio/repo/extract/toolchain_support_packages/arm/gnu_tools_for_arm_embedded_processors/10.2.1/bin/../lib/gcc/arm-none-eabi/10.2.1/../../../../arm-none-eabi/lib/thumb/v8-m.main+fp/hard\libc.a(lib_a-strncmp.o)
                              ./rt-thread/components/finsh/msh.o (strncmp)
d:/rt-threadstudio/repo/extract/toolchain_support_packages/arm/gnu_tools_for_arm_embedded_processors/10.2.1/bin/../lib/gcc/arm-none-eabi/10.2.1/../../../../arm-none-eabi/lib/thumb/v8-m.main+fp/hard\libc.a(lib_a-strncpy.o)
                              ./rt-thread/components/finsh/shell.o (strncpy)
d:/rt-threadstudio/repo/extract/toolchain_support_packages/arm/gnu_tools_for_arm_embedded_processors/10.2.1/bin/../lib/gcc/arm-none-eabi/10.2.1/../../../../arm-none-eabi/lib/thumb/v8-m.main+fp/hard\libc.a(lib_a-__call_atexit.o)
                              d:/rt-threadstudio/repo/extract/toolchain_support_packages/arm/gnu_tools_for_arm_embedded_processors/10.2.1/bin/../lib/gcc/arm-none-eabi/10.2.1/../../../../arm-none-eabi/lib/thumb/v8-m.main+fp/hard\libc.a(lib_a-exit.o) (__call_exitprocs)
d:/rt-threadstudio/repo/extract/toolchain_support_packages/arm/gnu_tools_for_arm_embedded_processors/10.2.1/bin/../lib/gcc/arm-none-eabi/10.2.1/../../../../arm-none-eabi/lib/thumb/v8-m.main+fp/hard\libc.a(lib_a-atexit.o)
                              d:/rt-threadstudio/repo/extract/toolchain_support_packages/arm/gnu_tools_for_arm_embedded_processors/10.2.1/bin/../lib/gcc/arm-none-eabi/10.2.1/../../../../arm-none-eabi/lib/thumb/v8-m.main+fp/hard\libc.a(lib_a-__call_atexit.o) (atexit)
d:/rt-threadstudio/repo/extract/toolchain_support_packages/arm/gnu_tools_for_arm_embedded_processors/10.2.1/bin/../lib/gcc/arm-none-eabi/10.2.1/../../../../arm-none-eabi/lib/thumb/v8-m.main+fp/hard\libc.a(lib_a-fini.o)
                              d:/rt-threadstudio/repo/extract/toolchain_support_packages/arm/gnu_tools_for_arm_embedded_processors/10.2.1/bin/../lib/gcc/arm-none-eabi/10.2.1/../../../../arm-none-eabi/lib/thumb/v8-m.main+fp/hard\libc.a(lib_a-__call_atexit.o) (__libc_fini_array)
d:/rt-threadstudio/repo/extract/toolchain_support_packages/arm/gnu_tools_for_arm_embedded_processors/10.2.1/bin/../lib/gcc/arm-none-eabi/10.2.1/../../../../arm-none-eabi/lib/thumb/v8-m.main+fp/hard\libc.a(lib_a-lock.o)
[...]
Memory Configuration

Name             Origin             Length             Attributes
FLASH            0x00000000         0x00100000         xr
RAM              0x20000000         0x00040000         xrw
DATA_FLASH       0x08000000         0x00002000         xr
QSPI_FLASH       0x60000000         0x04000000         xr
OSPI_DEVICE_0    0x68000000         0x08000000         xr
OSPI_DEVICE_1    0x70000000         0x10000000         xr
OSPI_DEVICE_0_RAM 0x68000000         0x08000000         xrw
OSPI_DEVICE_1_RAM 0x70000000         0x10000000         xrw
SDRAM            0x90000000         0x00000000         xrw
OPTION_SETTING   0x0100a100         0x00000100         r
OPTION_SETTING_S 0x0100a200         0x00000100         r
ID_CODE          0x00000000         0x00000000         xr
*default*        0x00000000         0xffffffff

Linker script and memory map

LOAD d:/rt-threadstudio/repo/extract/toolchain_support_packages/arm/gnu_tools_for_arm_embedded_processors/10.2.1/bin/../lib/gcc/arm-none-eabi/10.2.1/thumb/v8-m.main+fp/hard/crti.o
LOAD d:/rt-threadstudio/repo/extract/toolchain_support_packages/arm/gnu_tools_for_arm_embedded_processors/10.2.1/bin/../lib/gcc/arm-none-eabi/10.2.1/thumb/v8-m.main+fp/hard/crtbegin.o
LOAD d:/rt-threadstudio/repo/extract/toolchain_support_packages/arm/gnu_tools_for_arm_embedded_processors/10.2.1/bin/../lib/gcc/arm-none-eabi/10.2.1/../../../../arm-none-eabi/lib/thumb/v8-m.main+fp/hard/crt0.o
LOAD ./src/hal_entry.o
LOAD ./rt-thread/src/clock.o
LOAD ./rt-thread/src/components.o
LOAD ./rt-thread/src/device.o
LOAD ./rt-thread/src/idle.o
LOAD ./rt-thread/src/ipc.o
LOAD ./rt-thread/src/irq.o
LOAD ./rt-thread/src/kservice.o
LOAD ./rt-thread/src/mem.o
LOAD ./rt-thread/src/object.o
LOAD ./rt-thread/src/scheduler.o
LOAD ./rt-thread/src/thread.o
LOAD ./rt-thread/src/timer.o
LOAD ./rt-thread/libcpu/arm/cortex-m4/context_gcc.o
LOAD ./rt-thread/libcpu/arm/cortex-m4/cpuport.o
LOAD ./rt-thread/libcpu/arm/common/backtrace.o
LOAD ./rt-thread/libcpu/arm/common/div0.o
LOAD ./rt-thread/libcpu/arm/common/showmem.o
LOAD ./rt-thread/components/libc/compilers/newlib/syscalls.o
LOAD ./rt-thread/components/libc/compilers/common/stdlib.o
LOAD ./rt-thread/components/libc/compilers/common/time.o
LOAD ./rt-thread/components/finsh/cmd.o
LOAD ./rt-thread/components/finsh/msh.o
LOAD ./rt-thread/components/finsh/shell.o
LOAD ./rt-thread/components/drivers/serial/serial_v2.o
LOAD ./rt-thread/components/drivers/misc/pin.o
LOAD ./rt-thread/components/drivers/ipc/completion.o
LOAD ./rt-thread/components/drivers/ipc/dataqueue.o
LOAD ./rt-thread/components/drivers/ipc/pipe.o
LOAD ./rt-thread/components/drivers/ipc/ringblk_buf.o
LOAD ./rt-thread/components/drivers/ipc/ringbuffer.o
LOAD ./rt-thread/components/drivers/ipc/waitqueue.o
LOAD ./rt-thread/components/drivers/ipc/workqueue.o
LOAD ./ra_gen/common_data.o
LOAD ./ra_gen/hal_data.o
LOAD ./ra_gen/main.o
LOAD ./ra_gen/pin_data.o
LOAD ./ra_gen/vector_data.o
LOAD ./ra/fsp/src/r_sci_uart/r_sci_uart.o
LOAD ./ra/fsp/src/r_ioport/r_ioport.o
LOAD ./ra/fsp/src/bsp/mcu/all/bsp_clocks.o
LOAD ./ra/fsp/src/bsp/mcu/all/bsp_common.o
LOAD ./ra/fsp/src/bsp/mcu/all/bsp_delay.o
LOAD ./ra/fsp/src/bsp/mcu/all/bsp_group_irq.o
LOAD ./ra/fsp/src/bsp/mcu/all/bsp_guard.o
LOAD ./ra/fsp/src/bsp/mcu/all/bsp_io.o
LOAD ./ra/fsp/src/bsp/mcu/all/bsp_irq.o
LOAD ./ra/fsp/src/bsp/mcu/all/bsp_register_protection.o
LOAD ./ra/fsp/src/bsp/mcu/all/bsp_rom_registers.o
LOAD ./ra/fsp/src/bsp/mcu/all/bsp_sbrk.o
LOAD ./ra/fsp/src/bsp/mcu/all/bsp_security.o
LOAD ./ra/fsp/src/bsp/cmsis/Device/RENESAS/Source/startup.o
LOAD ./ra/fsp/src/bsp/cmsis/Device/RENESAS/Source/system.o
LOAD ./libraries/HAL_Drivers/drv_common.o
LOAD ./libraries/HAL_Drivers/drv_gpio.o
LOAD ./libraries/HAL_Drivers/drv_usart_v2.o
LOAD ./board/ports/drv_rw007.o
LOAD d:/rt-threadstudio/repo/extract/toolchain_support_packages/arm/gnu_tools_for_arm_embedded_processors/10.2.1/bin/../lib/gcc/arm-none-eabi/10.2.1/../../../../arm-none-eabi/lib/thumb/v8-m.main+fp/hard\libm.a
LOAD d:/rt-threadstudio/repo/extract/toolchain_support_packages/arm/gnu_tools_for_arm_embedded_processors/10.2.1/bin/../lib/gcc/arm-none-eabi/10.2.1/../../../../arm-none-eabi/lib/thumb/v8-m.main+fp/hard\libc.a
START GROUP
LOAD d:/rt-threadstudio/repo/extract/toolchain_support_packages/arm/gnu_tools_for_arm_embedded_processors/10.2.1/bin/../lib/gcc/arm-none-eabi/10.2.1/thumb/v8-m.main+fp/hard\libgcc.a
LOAD d:/rt-threadstudio/repo/extract/toolchain_support_packages/arm/gnu_tools_for_arm_embedded_processors/10.2.1/bin/../lib/gcc/arm-none-eabi/10.2.1/../../../../arm-none-eabi/lib/thumb/v8-m.main+fp/hard\libc.a
END GROUP
LOAD d:/rt-threadstudio/repo/extract/toolchain_support_packages/arm/gnu_tools_for_arm_embedded_processors/10.2.1/bin/../lib/gcc/arm-none-eabi/10.2.1/thumb/v8-m.main+fp/hard/crtend.o
LOAD d:/rt-threadstudio/repo/extract/toolchain_support_packages/arm/gnu_tools_for_arm_embedded_processors/10.2.1/bin/../lib/gcc/arm-none-eabi/10.2.1/thumb/v8-m.main+fp/hard/crtn.o
                0x20000000                RAM_START = 0x20000000
                0x00040000                RAM_LENGTH = 0x40000
                0x00000000                FLASH_START = 0x0
                0x00100000                FLASH_LENGTH = 0x100000
                0x08000000                DATA_FLASH_START = 0x8000000
                0x00002000                DATA_FLASH_LENGTH = 0x2000
                0x0100a100                OPTION_SETTING_START = 0x100a100
                0x00000100                OPTION_SETTING_LENGTH = 0x100
                0x0100a200                OPTION_SETTING_S_START = 0x100a200
                0x00000100                OPTION_SETTING_S_LENGTH = 0x100
                0x00000000                ID_CODE_START = 0x0
                0x00000000                ID_CODE_LENGTH = 0x0
                0x90000000                SDRAM_START = 0x90000000
                0x00000000                SDRAM_LENGTH = 0x0
                0x60000000                QSPI_FLASH_START = 0x60000000
                0x04000000                QSPI_FLASH_LENGTH = 0x4000000
                0x68000000                OSPI_DEVICE_0_START = 0x68000000
                0x08000000                OSPI_DEVICE_0_LENGTH = 0x8000000
                0x70000000                OSPI_DEVICE_1_START = 0x70000000
                0x10000000                OSPI_DEVICE_1_LENGTH = 0x10000000
                0x04000000                QSPI_FLASH_PRV_LENGTH = DEFINED (QSPI_FLASH_SIZE)?ABSOLUTE (QSPI_FLASH_SIZE):ABSOLUTE (QSPI_FLASH_LENGTH)
                0x08000000                OSPI_DEVICE_0_PRV_LENGTH = DEFINED (OSPI_DEVICE_0_SIZE)?ABSOLUTE (OSPI_DEVICE_0_SIZE):ABSOLUTE (OSPI_DEVICE_0_LENGTH)
                0x10000000                OSPI_DEVICE_1_PRV_LENGTH = DEFINED (OSPI_DEVICE_1_SIZE)?ABSOLUTE (OSPI_DEVICE_1_SIZE):ABSOLUTE (OSPI_DEVICE_1_LENGTH)
                0x00000000                __RESERVE_NS_RAM = ((! (DEFINED (PROJECT_NONSECURE)) && DEFINED (RAM_NS_BUFFER_LENGTH)) && (OPTION_SETTING_S_LENGTH != 0x0))
                0x00000000                RAM_NS_BUFFER_BLOCK_LENGTH = DEFINED (RAM_NS_BUFFER_LENGTH)?ALIGN (RAM_NS_BUFFER_LENGTH, 0x2000):0x0
                0x00000000                RAM_NS_BUFFER_LENGTH = DEFINED (RAM_NS_BUFFER_LENGTH)?RAM_NS_BUFFER_LENGTH:0x0
                0x20040000                RAM_NS_BUFFER_START = ((RAM_START + RAM_LENGTH) - RAM_NS_BUFFER_LENGTH)
                0x20040000                RAM_NS_BUFFER_BLOCK_START = ((RAM_START + RAM_LENGTH) - RAM_NS_BUFFER_BLOCK_LENGTH)
                0x0100a180                OPTION_SETTING_START_NS = 0x100a180
                0x00000001                __bl_FSP_BOOTABLE_IMAGE = 0x1
                0x00000001                __bln_FSP_BOOTABLE_IMAGE = 0x1
                0x00000001                PROJECT_SECURE_OR_FLAT = ((! (DEFINED (PROJECT_NONSECURE)) && OPTION_SETTING_LENGTH) && ! (DEFINED (FSP_BOOTABLE_IMAGE)))
                0x00000000                USE_OPTION_SETTING_NS = (DEFINED (PROJECT_NONSECURE) && ! (DEFINED (FSP_BOOTABLE_IMAGE)))
                0x00000000                __bl_FLASH_IMAGE_START = ! (DEFINED (FLASH_BOOTLOADER_LENGTH))?0x0:(FLASH_APPLICATION_IMAGE_NUMBER == 0x1)?(FLASH_BOOTLOADER_LENGTH + FLASH_BOOTLOADER_HEADER_LENGTH):(((FLASH_BOOTLOADER_LENGTH + FLASH_BOOTLOADER_SCRATCH_LENGTH) + FLASH_APPLICATION_S_LENGTH) + FLASH_BOOTLOADER_HEADER_LENGTH)
                0x00000000                __bl_FLASH_IMAGE_LENGTH = ! (DEFINED (FLASH_BOOTLOADER_LENGTH))?0x0:(FLASH_APPLICATION_S_LENGTH - FLASH_BOOTLOADER_HEADER_LENGTH)
                0x00000000                __bl_FLASH_IMAGE_END = (__bl_FLASH_IMAGE_START + __bl_FLASH_IMAGE_LENGTH)
                0x00000000                __bl_FLASH_NS_START = ! (DEFINED (FLASH_BOOTLOADER_LENGTH))?0x0:(FLASH_APPLICATION_NS_LENGTH == 0x0)?__bl_FLASH_IMAGE_END:((__bl_FLASH_IMAGE_START - FLASH_BOOTLOADER_HEADER_LENGTH) + FLASH_APPLICATION_S_LENGTH)
                0x00000000                __bl_FLASH_NSC_START = ! (DEFINED (FLASH_BOOTLOADER_LENGTH))?0x0:(FLASH_APPLICATION_NS_LENGTH == 0x0)?__bl_FLASH_IMAGE_END:(__bl_FLASH_NS_START - FLASH_APPLICATION_NSC_LENGTH)
                0x00000000                __bl_RAM_NS_START = ! (DEFINED (FLASH_BOOTLOADER_LENGTH))?0x0:(FLASH_APPLICATION_NS_LENGTH == 0x0)?(RAM_START + RAM_LENGTH):((RAM_START + RAM_LENGTH) - RAM_APPLICATION_NS_LENGTH)
                0x00000000                __bl_RAM_NSC_START = ! (DEFINED (FLASH_BOOTLOADER_LENGTH))?0x0:(FLASH_APPLICATION_NS_LENGTH == 0x0)?(RAM_START + RAM_LENGTH):(__bl_RAM_NS_START - RAM_APPLICATION_NSC_LENGTH)
                0x00000000                __bl_FLASH_NS_IMAGE_START = ! (DEFINED (FLASH_BOOTLOADER_LENGTH))?0x0:(FLASH_APPLICATION_NS_LENGTH == 0x0)?__bl_FLASH_IMAGE_END:(__bl_FLASH_NS_START + FLASH_BOOTLOADER_HEADER_LENGTH_2)
                0x00000000                __bln_FLASH_IMAGE_START = __bl_FLASH_NS_IMAGE_START
                0x00000000                __bln_FLASH_IMAGE_LENGTH = ! (DEFINED (FLASH_BOOTLOADER_LENGTH))?0x0:(FLASH_APPLICATION_NS_LENGTH == 0x0)?__bl_FLASH_IMAGE_END:(FLASH_APPLICATION_NS_LENGTH - FLASH_BOOTLOADER_HEADER_LENGTH_2)
                0x00000000                FLASH_ORIGIN = DEFINED (FLASH_IMAGE_START)?FLASH_IMAGE_START:FLASH_START
                0x00100000                LIMITED_FLASH_LENGTH = DEFINED (FLASH_IMAGE_LENGTH)?FLASH_IMAGE_LENGTH:DEFINED (FLASH_BOOTLOADER_LENGTH)?FLASH_BOOTLOADER_LENGTH:FLASH_LENGTH
START GROUP
LOAD d:/rt-threadstudio/repo/extract/toolchain_support_packages/arm/gnu_tools_for_arm_embedded_processors/10.2.1/bin/../lib/gcc/arm-none-eabi/10.2.1/thumb/v8-m.main+fp/hard\libgcc.a
LOAD d:/rt-threadstudio/repo/extract/toolchain_support_packages/arm/gnu_tools_for_arm_embedded_processors/10.2.1/bin/../lib/gcc/arm-none-eabi/10.2.1/../../../../arm-none-eabi/lib/thumb/v8-m.main+fp/hard\libc.a
LOAD d:/rt-threadstudio/repo/extract/toolchain_support_packages/arm/gnu_tools_for_arm_embedded_processors/10.2.1/bin/../lib/gcc/arm-none-eabi/10.2.1/../../../../arm-none-eabi/lib/thumb/v8-m.main+fp/hard\libm.a
LOAD d:/rt-threadstudio/repo/extract/toolchain_support_packages/arm/gnu_tools_for_arm_embedded_processors/10.2.1/bin/../lib/gcc/arm-none-eabi/10.2.1/../../../../arm-none-eabi/lib/thumb/v8-m.main+fp/hard\libnosys.a
END GROUP

.text           0x00000000     0xc918
                0x00000000                __tz_FLASH_S = ABSOLUTE (FLASH_START)
                0x00000000                __ROM_Start = .
 *(.fixed_vectors*)
 .fixed_vectors
                0x00000000       0x40 ./ra/fsp/src/bsp/cmsis/Device/RENESAS/Source/startup.o
                0x00000000                __Vectors
 *(.application_vectors*)
 .application_vectors
                0x00000040      0x180 ./ra_gen/vector_data.o
                0x00000040                g_vector_table
                0x000001c0                __Vectors_End = .
                0x000001c0                . = (OPTION_SETTING_LENGTH > 0x0)?.:(__ROM_Start + 0x400)
 *(.rom_registers*)
                0x000001c0                . = (OPTION_SETTING_LENGTH > 0x0)?.:(__ROM_Start + 0x500)
                0x00000200                . = ALIGN (0x80)
 *fill*         0x000001c0       0x40 ff
 *(.mcuboot_sce9_key*)
 *(.text*)
 .text          0x00000200       0x40 d:/rt-threadstudio/repo/extract/toolchain_support_packages/arm/gnu_tools_for_arm_embedded_processors/10.2.1/bin/../lib/gcc/arm-none-eabi/10.2.1/thumb/v8-m.main+fp/hard/crtbegin.o
 .text.hal_entry
                0x00000240       0x84 ./src/hal_entry.o
                0x00000240                hal_entry
 .text.rt_tick_get
                0x000002c4       0x18 ./rt-thread/src/clock.o
                0x000002c4                rt_tick_get
 .text.rt_tick_increase
                0x000002dc       0x7c ./rt-thread/src/clock.o
                0x000002dc                rt_tick_increase
 .text.rt_tick_from_millisecond
                0x00000358       0x78 ./rt-thread/src/clock.o
                0x00000358                rt_tick_from_millisecond
 .text.rti_start
                0x000003d0       0x10 ./rt-thread/src/components.o
 .text.rti_board_start
                0x000003e0       0x10 ./rt-thread/src/components.o
 .text.rti_board_end
                0x000003f0       0x10 ./rt-thread/src/components.o
 .text.rti_end  0x00000400       0x10 ./rt-thread/src/components.o
 .text.rt_components_board_init
                0x00000410       0x34 ./rt-thread/src/components.o
                0x00000410                rt_components_board_init
 .text.rt_components_init
                0x00000444       0x34 ./rt-thread/src/components.o
                0x00000444                rt_components_init
 .text.entry    0x00000478        0xe ./rt-thread/src/components.o
                0x00000478                entry
 .text.main_thread_entry
                0x00000486       0x18 ./rt-thread/src/components.o
                0x00000486                main_thread_entry
 *fill*         0x0000049e        0x2 ff
 .text.rt_application_init
                0x000004a0       0x4c ./rt-thread/src/components.o
                0x000004a0                rt_application_init
 .text.rtthread_startup
                0x000004ec       0x2e ./rt-thread/src/components.o
                0x000004ec                rtthread_startup
 .text.rt_device_register
                0x0000051a       0x54 ./rt-thread/src/device.o
                0x0000051a                rt_device_register
 .text.rt_device_find
                0x0000056e       0x1a ./rt-thread/src/device.o
                0x0000056e                rt_device_find
 .text.rt_device_open
                0x00000588      0x108 ./rt-thread/src/device.o
                0x00000588                rt_device_open
 .text.rt_device_close
                0x00000690       0x9c ./rt-thread/src/device.o
                0x00000690                rt_device_close
 .text.rt_device_read
                0x0000072c       0x88 ./rt-thread/src/device.o
                0x0000072c                rt_device_read
 .text.rt_device_write
                0x000007b4       0x88 ./rt-thread/src/device.o
                0x000007b4                rt_device_write
 .text.rt_device_set_rx_indicate
                0x0000083c       0x54 ./rt-thread/src/device.o
                0x0000083c                rt_device_set_rx_indicate
 .text.rt_list_insert_after
                0x00000890       0x32 ./rt-thread/src/idle.o
 .text.rt_list_remove
                0x000008c2       0x36 ./rt-thread/src/idle.o
 .text.rt_thread_defunct_enqueue
                0x000008f8       0x20 ./rt-thread/src/idle.o
                0x000008f8                rt_thread_defunct_enqueue
 .text.rt_thread_defunct_dequeue
                0x00000918       0x44 ./rt-thread/src/idle.o
                0x00000918                rt_thread_defunct_dequeue
 .text.rt_defunct_execute
                0x0000095c       0x54 ./rt-thread/src/idle.o
 .text.rt_thread_idle_entry
                0x000009b0       0x38 ./rt-thread/src/idle.o
 .text.rt_thread_idle_init
                0x000009e8       0x78 ./rt-thread/src/idle.o
                0x000009e8                rt_thread_idle_init
 .text.rt_list_init
                0x00000a60       0x22 ./rt-thread/src/ipc.o
 .text.rt_list_insert_before
                0x00000a82       0x32 ./rt-thread/src/ipc.o
 .text.rt_list_isempty
                0x00000ab4       0x24 ./rt-thread/src/ipc.o
 .text._ipc_object_init
                0x00000ad8       0x1c ./rt-thread/src/ipc.o
 .text._ipc_list_suspend
                0x00000af4       0xa4 ./rt-thread/src/ipc.o
 .text._ipc_list_resume
                0x00000b98       0x20 ./rt-thread/src/ipc.o
 .text.rt_sem_init
                0x00000bb8       0x88 ./rt-thread/src/ipc.o
                0x00000bb8                rt_sem_init
 .text.rt_sem_take
                0x00000c40      0x190 ./rt-thread/src/ipc.o
                0x00000c40                rt_sem_take
 .text.rt_sem_release
                0x00000dd0       0xbc ./rt-thread/src/ipc.o
                0x00000dd0                rt_sem_release
 .text.rt_mutex_init
                0x00000e8c       0x64 ./rt-thread/src/ipc.o
                0x00000e8c                rt_mutex_init
 .text.rt_mutex_take
                0x00000ef0      0x21c ./rt-thread/src/ipc.o
                0x00000ef0                rt_mutex_take
 .text.rt_mutex_release
                0x0000110c      0x1bc ./rt-thread/src/ipc.o
                0x0000110c                rt_mutex_release
 .text.rt_interrupt_enter
                0x000012c8       0x40 ./rt-thread/src/irq.o
                0x000012c8                rt_interrupt_enter
 .text.rt_interrupt_leave
                0x00001308       0x40 ./rt-thread/src/irq.o
                0x00001308                rt_interrupt_leave
 .text.rt_interrupt_get_nest
                0x00001348       0x28 ./rt-thread/src/irq.o
                0x00001348                rt_interrupt_get_nest
 .text.rt_set_errno
                0x00001370       0x40 ./rt-thread/src/kservice.o
                0x00001370                rt_set_errno
 .text.rt_memset
                0x000013b0       0xb6 ./rt-thread/src/kservice.o
                0x000013b0                rt_memset
 .text.rt_memcpy
                0x00001466       0xd2 ./rt-thread/src/kservice.o
                0x00001466                rt_memcpy
 .text.rt_memmove
                0x00001538       0x82 ./rt-thread/src/kservice.o
                0x00001538                rt_memmove
 .text.rt_strncpy
                0x000015ba       0x64 ./rt-thread/src/kservice.o
                0x000015ba                rt_strncpy
 .text.rt_strncmp
                0x0000161e       0x4a ./rt-thread/src/kservice.o
                0x0000161e                rt_strncmp
 .text.rt_strlen
                0x00001668       0x2e ./rt-thread/src/kservice.o
                0x00001668                rt_strlen
 *fill*         0x00001696        0x2 ff
 .text.rt_show_version
                0x00001698       0x4c ./rt-thread/src/kservice.o
                0x00001698                rt_show_version
 .text.divide   0x000016e4       0x68 ./rt-thread/src/kservice.o
 .text.skip_atoi
                0x0000174c       0x40 ./rt-thread/src/kservice.o
 .text.print_number
                0x0000178c      0x1dc ./rt-thread/src/kservice.o
 .text.rt_vsnprintf
                0x00001968      0x4ac ./rt-thread/src/kservice.o
                0x00001968                rt_vsnprintf
 .text.rt_vsprintf
                0x00001e14       0x24 ./rt-thread/src/kservice.o
                0x00001e14                rt_vsprintf
 .text.rt_sprintf
                0x00001e38       0x2c ./rt-thread/src/kservice.o
                0x00001e38                rt_sprintf
 .text.rt_console_get_device
                0x00001e64       0x18 ./rt-thread/src/kservice.o
                0x00001e64                rt_console_get_device
 .text.rt_console_set_device
                0x00001e7c       0x58 ./rt-thread/src/kservice.o
                0x00001e7c                rt_console_set_device
 .text.rt_hw_console_output
                0x00001ed4       0x14 ./rt-thread/src/kservice.o
                0x00001ed4                rt_hw_console_output
 .text.rt_kprintf
                0x00001ee8       0x60 ./rt-thread/src/kservice.o
                0x00001ee8                rt_kprintf
 .text._heap_lock_init
                0x00001f48       0x1c ./rt-thread/src/kservice.o
 .text._heap_lock
                0x00001f64       0x28 ./rt-thread/src/kservice.o
 .text._heap_unlock
                0x00001f8c       0x40 ./rt-thread/src/kservice.o
 .text._smem_info
                0x00001fcc       0x4c ./rt-thread/src/kservice.o
 .text.rt_system_heap_init
                0x00002018       0x64 ./rt-thread/src/kservice.o
                0x00002018                rt_system_heap_init
 .text.rt_malloc
                0x0000207c       0x48 ./rt-thread/src/kservice.o
                0x0000207c                rt_malloc
 .text.rt_calloc
                0x000020c4       0x3c ./rt-thread/src/kservice.o
                0x000020c4                rt_calloc
 .text.rt_free  0x00002100       0x38 ./rt-thread/src/kservice.o
                0x00002100                rt_free
 .text.rt_memory_info
                0x00002138       0x2a ./rt-thread/src/kservice.o
                0x00002138                rt_memory_info
 *fill*         0x00002162        0x2 ff
 .text.rt_assert_handler
                0x00002164       0x4c ./rt-thread/src/kservice.o
                0x00002164                rt_assert_handler
 .text.plug_holes
                0x000021b0       0xf8 ./rt-thread/src/mem.o
 .text.rt_smem_init
                0x000022a8      0x104 ./rt-thread/src/mem.o
                0x000022a8                rt_smem_init
 .text.rt_smem_alloc
                0x000023ac      0x268 ./rt-thread/src/mem.o
                0x000023ac                rt_smem_alloc
 .text.rt_smem_free
                0x00002614      0x140 ./rt-thread/src/mem.o
                0x00002614                rt_smem_free
 .text.rt_list_insert_after
                0x00002754       0x32 ./rt-thread/src/object.o
 .text.rt_list_remove
                0x00002786       0x36 ./rt-thread/src/object.o
 .text.rt_object_get_information
                0x000027bc       0x48 ./rt-thread/src/object.o
                0x000027bc                rt_object_get_information
 .text.rt_object_init
                0x00002804       0xcc ./rt-thread/src/object.o
                0x00002804                rt_object_init
 .text.rt_object_detach
                0x000028d0       0x5c ./rt-thread/src/object.o
                0x000028d0                rt_object_detach
 .text.rt_object_allocate
                0x0000292c       0xd8 ./rt-thread/src/object.o
                0x0000292c                rt_object_allocate
 .text.rt_object_delete
                0x00002a04       0x7c ./rt-thread/src/object.o
                0x00002a04                rt_object_delete
 .text.rt_object_is_systemobject
                0x00002a80       0x3c ./rt-thread/src/object.o
                0x00002a80                rt_object_is_systemobject
 .text.rt_object_get_type
                0x00002abc       0x34 ./rt-thread/src/object.o
                0x00002abc                rt_object_get_type
 .text.rt_object_find
                0x00002af0       0xb4 ./rt-thread/src/object.o
                0x00002af0                rt_object_find
 .text.rt_list_init
                0x00002ba4       0x22 ./rt-thread/src/scheduler.o
 .text.rt_list_insert_before
                0x00002bc6       0x32 ./rt-thread/src/scheduler.o
 .text.rt_list_remove
                0x00002bf8       0x36 ./rt-thread/src/scheduler.o
 .text.rt_list_isempty
                0x00002c2e       0x24 ./rt-thread/src/scheduler.o
 *fill*         0x00002c52        0x2 ff
 .text._rt_scheduler_stack_check
                0x00002c54       0x94 ./rt-thread/src/scheduler.o
 .text._scheduler_get_highest_priority_thread
                0x00002ce8       0x38 ./rt-thread/src/scheduler.o
 .text.rt_system_scheduler_init
                0x00002d20       0x38 ./rt-thread/src/scheduler.o
                0x00002d20                rt_system_scheduler_init
 .text.rt_system_scheduler_start
                0x00002d58       0x38 ./rt-thread/src/scheduler.o
                0x00002d58                rt_system_scheduler_start
 .text.rt_schedule
                0x00002d90      0x19c ./rt-thread/src/scheduler.o
                0x00002d90                rt_schedule
 .text.rt_schedule_insert_thread
                0x00002f2c       0xac ./rt-thread/src/scheduler.o
                0x00002f2c                rt_schedule_insert_thread
 .text.rt_schedule_remove_thread
                0x00002fd8       0x70 ./rt-thread/src/scheduler.o
                0x00002fd8                rt_schedule_remove_thread
 .text.rt_enter_critical
                0x00003048       0x2c ./rt-thread/src/scheduler.o
                0x00003048                rt_enter_critical
 .text.rt_exit_critical
                0x00003074       0x54 ./rt-thread/src/scheduler.o
                0x00003074                rt_exit_critical
 .text.rt_critical_level
                0x000030c8       0x1c ./rt-thread/src/scheduler.o
                0x000030c8                rt_critical_level
 .text.rt_list_init
                0x000030e4       0x22 ./rt-thread/src/thread.o
 .text.rt_list_remove
                0x00003106       0x36 ./rt-thread/src/thread.o
 .text._thread_exit
                0x0000313c       0x42 ./rt-thread/src/thread.o
 *fill*         0x0000317e        0x2 ff
 .text._thread_timeout
                0x00003180       0x8c ./rt-thread/src/thread.o
 .text._thread_init
                0x0000320c       0xfc ./rt-thread/src/thread.o
 .text.rt_thread_init
                0x00003308       0x70 ./rt-thread/src/thread.o
                0x00003308                rt_thread_init
 .text.rt_thread_self
                0x00003378       0x18 ./rt-thread/src/thread.o
                0x00003378                rt_thread_self
 .text.rt_thread_startup
                0x00003390       0x94 ./rt-thread/src/thread.o
                0x00003390                rt_thread_startup
 .text.rt_thread_detach
                0x00003424       0xb0 ./rt-thread/src/thread.o
                0x00003424                rt_thread_detach
 .text.rt_thread_create
                0x000034d4       0x62 ./rt-thread/src/thread.o
                0x000034d4                rt_thread_create
 *fill*         0x00003536        0x2 ff
 .text.rt_thread_delete
                0x00003538       0xb0 ./rt-thread/src/thread.o
                0x00003538                rt_thread_delete
 .text.rt_thread_sleep
                0x000035e8       0x94 ./rt-thread/src/thread.o
                0x000035e8                rt_thread_sleep
 .text.rt_thread_delay
                0x0000367c       0x18 ./rt-thread/src/thread.o
                0x0000367c                rt_thread_delay
 .text.rt_thread_mdelay
                0x00003694       0x20 ./rt-thread/src/thread.o
                0x00003694                rt_thread_mdelay
 .text.rt_thread_control
                0x000036b4       0xfc ./rt-thread/src/thread.o
                0x000036b4                rt_thread_control
 .text.rt_thread_suspend
                0x000037b0       0xc8 ./rt-thread/src/thread.o
                0x000037b0                rt_thread_suspend
 .text.rt_thread_resume
                0x00003878       0x98 ./rt-thread/src/thread.o
                0x00003878                rt_thread_resume
 .text.rt_list_init
                0x00003910       0x22 ./rt-thread/src/timer.o
 .text.rt_list_insert_after
                0x00003932       0x32 ./rt-thread/src/timer.o
 .text.rt_list_remove
                0x00003964       0x36 ./rt-thread/src/timer.o
 .text.rt_list_isempty
                0x0000399a       0x24 ./rt-thread/src/timer.o
 .text._timer_init
                0x000039be       0x6a ./rt-thread/src/timer.o
 .text._timer_list_next_timeout
                0x00003a28       0x48 ./rt-thread/src/timer.o
 .text._timer_remove
                0x00003a70       0x36 ./rt-thread/src/timer.o
 *fill*         0x00003aa6        0x2 ff
 .text.rt_timer_init
                0x00003aa8       0x7c ./rt-thread/src/timer.o
                0x00003aa8                rt_timer_init
 .text.rt_timer_detach
                0x00003b24       0x90 ./rt-thread/src/timer.o
                0x00003b24                rt_timer_detach
 .text.rt_timer_start
                0x00003bb4      0x224 ./rt-thread/src/timer.o
                0x00003bb4                rt_timer_start
 .text.rt_timer_stop
                0x00003dd8       0x94 ./rt-thread/src/timer.o
                0x00003dd8                rt_timer_stop
 .text.rt_timer_control
                0x00003e6c       0xf8 ./rt-thread/src/timer.o
                0x00003e6c                rt_timer_control
 .text.rt_timer_check
                0x00003f64      0x108 ./rt-thread/src/timer.o
                0x00003f64                rt_timer_check
 .text.rt_soft_timer_check
                0x0000406c      0x11c ./rt-thread/src/timer.o
                0x0000406c                rt_soft_timer_check
 .text._timer_thread_entry
                0x00004188       0x5c ./rt-thread/src/timer.o
 .text.rt_system_timer_init
                0x000041e4       0x34 ./rt-thread/src/timer.o
                0x000041e4                rt_system_timer_init
 .text.rt_system_timer_thread_init
                0x00004218       0x68 ./rt-thread/src/timer.o
                0x00004218                rt_system_timer_thread_init
 .text          0x00004280      0x13c ./rt-thread/libcpu/arm/cortex-m4/context_gcc.o
                0x00004280                rt_hw_interrupt_disable
                0x00004288                rt_hw_interrupt_enable
                0x0000428e                rt_hw_context_switch_interrupt
                0x0000428e                rt_hw_context_switch
                0x000042ae                PendSV_Handler
                0x0000431a                rt_hw_context_switch_to
                0x00004360                rt_hw_interrupt_thread_switch
                0x00004364                HardFault_Handler
 .text.rt_hw_stack_init
                0x000043bc       0x90 ./rt-thread/libcpu/arm/cortex-m4/cpuport.o
                0x000043bc                rt_hw_stack_init
 .text.usage_fault_track
                0x0000444c       0xc4 ./rt-thread/libcpu/arm/cortex-m4/cpuport.o
 .text.bus_fault_track
                0x00004510       0xcc ./rt-thread/libcpu/arm/cortex-m4/cpuport.o
 .text.mem_manage_fault_track
                0x000045dc       0xb4 ./rt-thread/libcpu/arm/cortex-m4/cpuport.o
 .text.hard_fault_track
                0x00004690       0x78 ./rt-thread/libcpu/arm/cortex-m4/cpuport.o
 .text.rt_hw_hard_fault_exception
                0x00004708      0x184 ./rt-thread/libcpu/arm/cortex-m4/cpuport.o
                0x00004708                rt_hw_hard_fault_exception
 .text.__rt_ffs
                0x0000488c       0x2a ./rt-thread/libcpu/arm/cortex-m4/cpuport.o
                0x0000488c                __rt_ffs
 .text.rt_list_isempty
                0x000048b6       0x24 ./rt-thread/components/finsh/cmd.o
 .text.rt_list_len
                0x000048da       0x36 ./rt-thread/components/finsh/cmd.o
 .text.clear    0x00004910       0x14 ./rt-thread/components/finsh/cmd.o
 .text.version  0x00004924        0xe ./rt-thread/components/finsh/cmd.o
                0x00004924                version
 *fill*         0x00004932        0x2 ff
 .text.object_split
                0x00004934       0x28 ./rt-thread/components/finsh/cmd.o
 .text.list_find_init
                0x0000495c       0x46 ./rt-thread/components/finsh/cmd.o
 .text.list_get_next
                0x000049a2       0xc6 ./rt-thread/components/finsh/cmd.o
 .text.list_thread
                0x00004a68      0x208 ./rt-thread/components/finsh/cmd.o
                0x00004a68                list_thread
 .text.show_wait_queue
                0x00004c70       0x54 ./rt-thread/components/finsh/cmd.o
 .text.list_sem
                0x00004cc4      0x12c ./rt-thread/components/finsh/cmd.o
                0x00004cc4                list_sem
 .text.list_event
                0x00004df0      0x118 ./rt-thread/components/finsh/cmd.o
                0x00004df0                list_event
 .text.list_mutex
                0x00004f08       0xe8 ./rt-thread/components/finsh/cmd.o
                0x00004f08                list_mutex
 .text.list_mailbox
                0x00004ff0      0x13c ./rt-thread/components/finsh/cmd.o
                0x00004ff0                list_mailbox
 .text.list_msgqueue
                0x0000512c      0x12c ./rt-thread/components/finsh/cmd.o
                0x0000512c                list_msgqueue
 .text.list_timer
                0x00005258      0x128 ./rt-thread/components/finsh/cmd.o
                0x00005258                list_timer
 .text.list_device
                0x00005380       0xf0 ./rt-thread/components/finsh/cmd.o
                0x00005380                list_device
 .text.msh_help
                0x00005470       0x5c ./rt-thread/components/finsh/msh.o
                0x00005470                msh_help
 .text.cmd_ps   0x000054cc       0x18 ./rt-thread/components/finsh/msh.o
                0x000054cc                cmd_ps
 .text.cmd_free
                0x000054e4       0x5c ./rt-thread/components/finsh/msh.o
                0x000054e4                cmd_free
 .text.msh_split
                0x00005540      0x170 ./rt-thread/components/finsh/msh.o
 .text.msh_get_cmd
                0x000056b0       0x64 ./rt-thread/components/finsh/msh.o
 .text._msh_exec_cmd
                0x00005714       0xd4 ./rt-thread/components/finsh/msh.o
 .text.msh_exec
                0x000057e8       0x8c ./rt-thread/components/finsh/msh.o
                0x000057e8                msh_exec
 .text.str_common
                0x00005874       0x4a ./rt-thread/components/finsh/msh.o
 *fill*         0x000058be        0x2 ff
 .text.msh_auto_complete
                0x000058c0       0xb0 ./rt-thread/components/finsh/msh.o
                0x000058c0                msh_auto_complete
 .text.finsh_get_prompt
                0x00005970       0x7c ./rt-thread/components/finsh/shell.o
                0x00005970                finsh_get_prompt
 .text.finsh_set_prompt_mode
                0x000059ec       0x48 ./rt-thread/components/finsh/shell.o
                0x000059ec                finsh_set_prompt_mode
 .text.finsh_getchar
                0x00005a34       0x90 ./rt-thread/components/finsh/shell.o
                0x00005a34                finsh_getchar
 .text.finsh_rx_ind
                0x00005ac4       0x3c ./rt-thread/components/finsh/shell.o
 .text.finsh_set_device
                0x00005b00       0xd8 ./rt-thread/components/finsh/shell.o
                0x00005b00                finsh_set_device
 .text.shell_auto_complete
                0x00005bd8       0x34 ./rt-thread/components/finsh/shell.o
 .text.shell_handle_history
                0x00005c0c       0x34 ./rt-thread/components/finsh/shell.o
 .text.shell_push_history
                0x00005c40      0x15e ./rt-thread/components/finsh/shell.o
 *fill*         0x00005d9e        0x2 ff
 .text.finsh_thread_entry
                0x00005da0      0x5cc ./rt-thread/components/finsh/shell.o
                0x00005da0                finsh_thread_entry
 .text.finsh_system_function_init
                0x0000636c       0x2c ./rt-thread/components/finsh/shell.o
                0x0000636c                finsh_system_function_init
 .text.finsh_system_init
                0x00006398       0x9c ./rt-thread/components/finsh/shell.o
                0x00006398                finsh_system_init
 .text.rt_serial_get_linear_buffer
                0x00006434       0x8c ./rt-thread/components/drivers/serial/serial_v2.o
 .text.rt_serial_update_read_index
                0x000064c0       0xcc ./rt-thread/components/drivers/serial/serial_v2.o
 .text.rt_serial_update_write_index
                0x0000658c       0xe8 ./rt-thread/components/drivers/serial/serial_v2.o
 .text._serial_poll_rx
                0x00006674       0xa4 ./rt-thread/components/drivers/serial/serial_v2.o
                0x00006674                _serial_poll_rx
 .text._serial_poll_tx
                0x00006718       0x9c ./rt-thread/components/drivers/serial/serial_v2.o
                0x00006718                _serial_poll_tx
 .text._serial_fifo_rx
                0x000067b4       0xf4 ./rt-thread/components/drivers/serial/serial_v2.o
 .text._serial_fifo_tx_blocking_nbuf
                0x000068a8       0xb0 ./rt-thread/components/drivers/serial/serial_v2.o
 .text._serial_fifo_tx_blocking_buf
                0x00006958      0x118 ./rt-thread/components/drivers/serial/serial_v2.o
 .text._serial_fifo_tx_nonblocking
                0x00006a70       0xd4 ./rt-thread/components/drivers/serial/serial_v2.o
 .text.rt_serial_tx_enable
                0x00006b44      0x1e8 ./rt-thread/components/drivers/serial/serial_v2.o
 .text.rt_serial_rx_enable
                0x00006d2c      0x15c ./rt-thread/components/drivers/serial/serial_v2.o
 .text.rt_serial_rx_disable
                0x00006e88       0xb4 ./rt-thread/components/drivers/serial/serial_v2.o
 .text.rt_serial_tx_disable
                0x00006f3c       0xc0 ./rt-thread/components/drivers/serial/serial_v2.o
 .text.rt_serial_init
                0x00006ffc       0x5c ./rt-thread/components/drivers/serial/serial_v2.o
 .text.rt_serial_open
                0x00007058       0xf4 ./rt-thread/components/drivers/serial/serial_v2.o
 .text.rt_serial_close
                0x0000714c       0x90 ./rt-thread/components/drivers/serial/serial_v2.o
 .text.rt_serial_control
                0x000071dc       0xb8 ./rt-thread/components/drivers/serial/serial_v2.o
 .text.rt_hw_serial_register
                0x00007294       0x94 ./rt-thread/components/drivers/serial/serial_v2.o
                0x00007294                rt_hw_serial_register
 .text.rt_hw_serial_isr
                0x00007328      0x210 ./rt-thread/components/drivers/serial/serial_v2.o
                0x00007328                rt_hw_serial_isr
 .text._pin_read
                0x00007538       0x60 ./rt-thread/components/drivers/misc/pin.o
 .text._pin_write
                0x00007598       0x5c ./rt-thread/components/drivers/misc/pin.o
 .text._pin_control
                0x000075f4       0x58 ./rt-thread/components/drivers/misc/pin.o
 .text.rt_device_pin_register
                0x0000764c       0x74 ./rt-thread/components/drivers/misc/pin.o
                0x0000764c                rt_device_pin_register
 .text.rt_pin_write
                0x000076c0       0x40 ./rt-thread/components/drivers/misc/pin.o
                0x000076c0                rt_pin_write
 .text.rt_pin_read
                0x00007700       0x3c ./rt-thread/components/drivers/misc/pin.o
                0x00007700                rt_pin_read
 .text.rt_list_init
                0x0000773c       0x22 ./rt-thread/components/drivers/ipc/completion.o
 .text.rt_list_insert_before
                0x0000775e       0x32 ./rt-thread/components/drivers/ipc/completion.o
 .text.rt_list_isempty
                0x00007790       0x24 ./rt-thread/components/drivers/ipc/completion.o
 .text.rt_completion_init
                0x000077b4       0x44 ./rt-thread/components/drivers/ipc/completion.o
                0x000077b4                rt_completion_init
 .text.rt_completion_wait
                0x000077f8      0x15c ./rt-thread/components/drivers/ipc/completion.o
                0x000077f8                rt_completion_wait
 .text.rt_completion_done
                0x00007954       0x70 ./rt-thread/components/drivers/ipc/completion.o
                0x00007954                rt_completion_done
 .text.rt_ringbuffer_status
                0x000079c4       0x4e ./rt-thread/components/drivers/ipc/ringbuffer.o
 *fill*         0x00007a12        0x2 ff
 .text.rt_ringbuffer_init
                0x00007a14       0xa0 ./rt-thread/components/drivers/ipc/ringbuffer.o
                0x00007a14                rt_ringbuffer_init
 .text.rt_ringbuffer_put
                0x00007ab4      0x16c ./rt-thread/components/drivers/ipc/ringbuffer.o
                0x00007ab4                rt_ringbuffer_put
 .text.rt_ringbuffer_get
                0x00007c20      0x15c ./rt-thread/components/drivers/ipc/ringbuffer.o
                0x00007c20                rt_ringbuffer_get
 .text.rt_ringbuffer_putchar
                0x00007d7c       0xbc ./rt-thread/components/drivers/ipc/ringbuffer.o
                0x00007d7c                rt_ringbuffer_putchar
 .text.rt_ringbuffer_data_len
                0x00007e38       0x66 ./rt-thread/components/drivers/ipc/ringbuffer.o
                0x00007e38                rt_ringbuffer_data_len
 .text.main     0x00007e9e        0xe ./ra_gen/main.o
                0x00007e9e                main
 .text.R_FSP_CurrentIrqGet
                0x00007eac       0x2c ./ra/fsp/src/r_sci_uart/r_sci_uart.o
 .text.R_FSP_IsrContextSet
                0x00007ed8       0x28 ./ra/fsp/src/r_sci_uart/r_sci_uart.o
 .text.R_BSP_IrqStatusClear
                0x00007f00       0x30 ./ra/fsp/src/r_sci_uart/r_sci_uart.o
 .text.R_BSP_IrqClearPending
                0x00007f30       0x40 ./ra/fsp/src/r_sci_uart/r_sci_uart.o
 .text.R_BSP_IrqCfg
                0x00007f70       0x3c ./ra/fsp/src/r_sci_uart/r_sci_uart.o
 .text.R_BSP_IrqEnableNoClear
                0x00007fac       0x38 ./ra/fsp/src/r_sci_uart/r_sci_uart.o
 .text.R_BSP_IrqEnable
                0x00007fe4       0x26 ./ra/fsp/src/r_sci_uart/r_sci_uart.o
 *fill*         0x0000800a        0x2 ff
 .text.R_BSP_IrqDisable
                0x0000800c       0x48 ./ra/fsp/src/r_sci_uart/r_sci_uart.o
 .text.R_FSP_IsrContextGet
                0x00008054       0x24 ./ra/fsp/src/r_sci_uart/r_sci_uart.o
 .text.R_SCI_UART_Open
                0x00008078      0x1ac ./ra/fsp/src/r_sci_uart/r_sci_uart.o
                0x00008078                R_SCI_UART_Open
 .text.r_sci_uart_config_set
                0x00008224      0x120 ./ra/fsp/src/r_sci_uart/r_sci_uart.o
 .text.r_sci_irq_cfg
                0x00008344       0x3a ./ra/fsp/src/r_sci_uart/r_sci_uart.o
 .text.r_sci_irqs_cfg
                0x0000837e       0x5a ./ra/fsp/src/r_sci_uart/r_sci_uart.o
 .text.r_sci_uart_baud_set
                0x000083d8       0x58 ./ra/fsp/src/r_sci_uart/r_sci_uart.o
 .text.r_sci_uart_call_callback
                0x00008430       0x76 ./ra/fsp/src/r_sci_uart/r_sci_uart.o
 .text.sci_uart_txi_isr
                0x000084a6       0xd0 ./ra/fsp/src/r_sci_uart/r_sci_uart.o
                0x000084a6                sci_uart_txi_isr
 .text.sci_uart_rxi_isr
                0x00008576       0xbc ./ra/fsp/src/r_sci_uart/r_sci_uart.o
                0x00008576                sci_uart_rxi_isr
 .text.sci_uart_tei_isr
                0x00008632       0x4a ./ra/fsp/src/r_sci_uart/r_sci_uart.o
                0x00008632                sci_uart_tei_isr
 .text.sci_uart_eri_isr
                0x0000867c       0xa8 ./ra/fsp/src/r_sci_uart/r_sci_uart.o
                0x0000867c                sci_uart_eri_isr
 .text.R_BSP_PinRead
                0x00008724       0x38 ./ra/fsp/src/r_ioport/r_ioport.o
 .text.R_BSP_PinAccessEnable
                0x0000875c       0x60 ./ra/fsp/src/r_ioport/r_ioport.o
 .text.R_BSP_PinAccessDisable
                0x000087bc       0x68 ./ra/fsp/src/r_ioport/r_ioport.o
 .text.R_IOPORT_Open
                0x00008824       0x28 ./ra/fsp/src/r_ioport/r_ioport.o
                0x00008824                R_IOPORT_Open
 .text.R_IOPORT_Close
                0x0000884c       0x20 ./ra/fsp/src/r_ioport/r_ioport.o
                0x0000884c                R_IOPORT_Close
 .text.R_IOPORT_PinsCfg
                0x0000886c       0x1a ./ra/fsp/src/r_ioport/r_ioport.o
                0x0000886c                R_IOPORT_PinsCfg
 .text.R_IOPORT_PinCfg
                0x00008886       0x46 ./ra/fsp/src/r_ioport/r_ioport.o
                0x00008886                R_IOPORT_PinCfg
 .text.R_IOPORT_PinRead
                0x000088cc       0x28 ./ra/fsp/src/r_ioport/r_ioport.o
                0x000088cc                R_IOPORT_PinRead
 .text.R_IOPORT_PortRead
                0x000088f4       0x3a ./ra/fsp/src/r_ioport/r_ioport.o
                0x000088f4                R_IOPORT_PortRead
 .text.R_IOPORT_PortWrite
                0x0000892e       0x62 ./ra/fsp/src/r_ioport/r_ioport.o
                0x0000892e                R_IOPORT_PortWrite
 .text.R_IOPORT_PinWrite
                0x00008990       0x6e ./ra/fsp/src/r_ioport/r_ioport.o
                0x00008990                R_IOPORT_PinWrite
 .text.R_IOPORT_PortDirectionSet
                0x000089fe       0x72 ./ra/fsp/src/r_ioport/r_ioport.o
                0x000089fe                R_IOPORT_PortDirectionSet
 .text.R_IOPORT_PortEventInputRead
                0x00008a70       0x3e ./ra/fsp/src/r_ioport/r_ioport.o
                0x00008a70                R_IOPORT_PortEventInputRead
 .text.R_IOPORT_PinEventInputRead
                0x00008aae       0x62 ./ra/fsp/src/r_ioport/r_ioport.o
                0x00008aae                R_IOPORT_PinEventInputRead
 .text.R_IOPORT_PortEventOutputWrite
                0x00008b10       0x62 ./ra/fsp/src/r_ioport/r_ioport.o
                0x00008b10                R_IOPORT_PortEventOutputWrite
 .text.R_IOPORT_PinEventOutputWrite
                0x00008b72       0x5e ./ra/fsp/src/r_ioport/r_ioport.o
                0x00008b72                R_IOPORT_PinEventOutputWrite
 .text.R_IOPORT_EthernetModeCfg
                0x00008bd0       0x28 ./ra/fsp/src/r_ioport/r_ioport.o
                0x00008bd0                R_IOPORT_EthernetModeCfg
 .text.r_ioport_pins_config
                0x00008bf8       0x56 ./ra/fsp/src/r_ioport/r_ioport.o
 .text.r_ioport_hw_pin_event_output_data_write
                0x00008c4e       0x88 ./ra/fsp/src/r_ioport/r_ioport.o
 *fill*         0x00008cd6        0x2 ff
 .text.r_ioport_pfs_write
                0x00008cd8       0x78 ./ra/fsp/src/r_ioport/r_ioport.o
 .text.bsp_vbatt_init
                0x00008d50       0xd8 ./ra/fsp/src/r_ioport/r_ioport.o
 .text.R_BSP_FlashCacheEnable
                0x00008e28       0x40 ./ra/fsp/src/bsp/mcu/all/bsp_clocks.o
 .text.SystemCoreClockUpdate
                0x00008e68       0x40 ./ra/fsp/src/bsp/mcu/all/bsp_clocks.o
                0x00008e68                SystemCoreClockUpdate
 .text.bsp_prv_clock_set_hard_reset
                0x00008ea8       0x30 ./ra/fsp/src/bsp/mcu/all/bsp_clocks.o
 .text.bsp_clock_freq_var_init
                0x00008ed8       0x48 ./ra/fsp/src/bsp/mcu/all/bsp_clocks.o
 .text.bsp_clock_init
                0x00008f20       0xa4 ./ra/fsp/src/bsp/mcu/all/bsp_clocks.o
                0x00008f20                bsp_clock_init
 .text.bsp_init_internal
                0x00008fc4       0x14 ./ra/fsp/src/bsp/mcu/all/bsp_common.o
                0x00008fc4                bsp_init_internal
                0x00008fc4                bsp_init
 .text.bsp_group_irq_call
                0x00008fd8       0x30 ./ra/fsp/src/bsp/mcu/all/bsp_group_irq.o
 .text.NMI_Handler
                0x00009008       0x4c ./ra/fsp/src/bsp/mcu/all/bsp_group_irq.o
                0x00009008                NMI_Handler
 .text.bsp_irq_cfg
                0x00009054      0x104 ./ra/fsp/src/bsp/mcu/all/bsp_irq.o
                0x00009054                bsp_irq_cfg
 .text.R_BSP_RegisterProtectEnable
                0x00009158       0xa0 ./ra/fsp/src/bsp/mcu/all/bsp_register_protection.o
                0x00009158                R_BSP_RegisterProtectEnable
 .text.R_BSP_RegisterProtectDisable
                0x000091f8       0x90 ./ra/fsp/src/bsp/mcu/all/bsp_register_protection.o
                0x000091f8                R_BSP_RegisterProtectDisable
 .text.Reset_Handler
                0x00009288        0xe ./ra/fsp/src/bsp/cmsis/Device/RENESAS/Source/startup.o
                0x00009288                Reset_Handler
 .text.Default_Handler
                0x00009296       0x10 ./ra/fsp/src/bsp/cmsis/Device/RENESAS/Source/startup.o
                0x00009296                UsageFault_Handler
                0x00009296                SecureFault_Handler
                0x00009296                Default_Handler
                0x00009296                MemManage_Handler
                0x00009296                SVC_Handler
                0x00009296                BusFault_Handler
                0x00009296                DebugMon_Handler
 *fill*         0x000092a6        0x2 ff
 .text.SystemInit
                0x000092a8       0xf0 ./ra/fsp/src/bsp/cmsis/Device/RENESAS/Source/system.o
                0x000092a8                SystemInit
 .text.__NVIC_SetPriority
                0x00009398       0x54 ./libraries/HAL_Drivers/drv_common.o
 .text.__NVIC_SystemReset
                0x000093ec       0x2c ./libraries/HAL_Drivers/drv_common.o
 .text.SysTick_Config
                0x00009418       0x44 ./libraries/HAL_Drivers/drv_common.o
 .text.reboot   0x0000945c       0x10 ./libraries/HAL_Drivers/drv_common.o
 .text.rt_hw_systick_init
                0x0000946c       0x2c ./libraries/HAL_Drivers/drv_common.o
                0x0000946c                rt_hw_systick_init
 .text.SysTick_Handler
                0x00009498       0x14 ./libraries/HAL_Drivers/drv_common.o
                0x00009498                SysTick_Handler
 .text.rt_hw_board_init
                0x000094ac       0x34 ./libraries/HAL_Drivers/drv_common.o
                0x000094ac                rt_hw_board_init
 .text.R_BSP_WarmStart
                0x000094e0       0x2c ./libraries/HAL_Drivers/drv_common.o
                0x000094e0                R_BSP_WarmStart
 .text.R_BSP_PinRead
                0x0000950c       0x38 ./libraries/HAL_Drivers/drv_gpio.o
 .text.R_BSP_PinWrite
                0x00009544       0x68 ./libraries/HAL_Drivers/drv_gpio.o
 .text.R_BSP_PinAccessEnable
                0x000095ac       0x60 ./libraries/HAL_Drivers/drv_gpio.o
 .text.R_BSP_PinAccessDisable
                0x0000960c       0x68 ./libraries/HAL_Drivers/drv_gpio.o
 .text.ra_pin_mode
                0x00009674       0xf8 ./libraries/HAL_Drivers/drv_gpio.o
 .text.ra_pin_write
                0x0000976c       0x3a ./libraries/HAL_Drivers/drv_gpio.o
 *fill*         0x000097a6        0x2 ff
 .text.ra_pin_read
                0x000097a8       0x50 ./libraries/HAL_Drivers/drv_gpio.o
 .text.ra_pin_irq_enable
                0x000097f8       0x1c ./libraries/HAL_Drivers/drv_gpio.o
 .text.ra_pin_attach_irq
                0x00009814       0x1e ./libraries/HAL_Drivers/drv_gpio.o
 .text.ra_pin_dettach_irq
                0x00009832       0x1a ./libraries/HAL_Drivers/drv_gpio.o
 .text.ra_pin_get
                0x0000984c       0xce ./libraries/HAL_Drivers/drv_gpio.o
 *fill*         0x0000991a        0x2 ff
 .text.rt_hw_pin_init
                0x0000991c       0x1c ./libraries/HAL_Drivers/drv_gpio.o
                0x0000991c                rt_hw_pin_init
 .text.ra_uart_get_config
                0x00009938       0x50 ./libraries/HAL_Drivers/drv_usart_v2.o
 .text.ra_uart_configure
                0x00009988       0x7c ./libraries/HAL_Drivers/drv_usart_v2.o
 .text.ra_uart_control
                0x00009a04       0x1a ./libraries/HAL_Drivers/drv_usart_v2.o
 *fill*         0x00009a1e        0x2 ff
 .text.ra_uart_putc
                0x00009a20       0x68 ./libraries/HAL_Drivers/drv_usart_v2.o
 .text.ra_uart_getc
                0x00009a88       0x16 ./libraries/HAL_Drivers/drv_usart_v2.o
 *fill*         0x00009a9e        0x2 ff
 .text.user_uart7_callback
                0x00009aa0       0x78 ./libraries/HAL_Drivers/drv_usart_v2.o
                0x00009aa0                user_uart7_callback
 .text.rt_hw_usart_init
                0x00009b18       0xb8 ./libraries/HAL_Drivers/drv_usart_v2.o
                0x00009b18                rt_hw_usart_init
 .text.memcmp   0x00009bd0       0x60 d:/rt-threadstudio/repo/extract/toolchain_support_packages/arm/gnu_tools_for_arm_embedded_processors/10.2.1/bin/../lib/gcc/arm-none-eabi/10.2.1/../../../../arm-none-eabi/lib/thumb/v8-m.main+fp/hard\libc.a(lib_a-memcmp.o)
                0x00009bd0                memcmp
 .text          0x00009c30       0xec d:/rt-threadstudio/repo/extract/toolchain_support_packages/arm/gnu_tools_for_arm_embedded_processors/10.2.1/bin/../lib/gcc/arm-none-eabi/10.2.1/../../../../arm-none-eabi/lib/thumb/v8-m.main+fp/hard\libc.a(lib_a-memcpy.o)
                0x00009c30                memcpy
 .text.memset   0x00009d1c       0xa4 d:/rt-threadstudio/repo/extract/toolchain_support_packages/arm/gnu_tools_for_arm_embedded_processors/10.2.1/bin/../lib/gcc/arm-none-eabi/10.2.1/../../../../arm-none-eabi/lib/thumb/v8-m.main+fp/hard\libc.a(lib_a-memset.o)
                0x00009d1c                memset
 .text.strlen   0x00009dc0       0x5c d:/rt-threadstudio/repo/extract/toolchain_support_packages/arm/gnu_tools_for_arm_embedded_processors/10.2.1/bin/../lib/gcc/arm-none-eabi/10.2.1/../../../../arm-none-eabi/lib/thumb/v8-m.main+fp/hard\libc.a(lib_a-strlen-stub.o)
                0x00009dc0                strlen
 .text.strncmp  0x00009e1c       0x78 d:/rt-threadstudio/repo/extract/toolchain_support_packages/arm/gnu_tools_for_arm_embedded_processors/10.2.1/bin/../lib/gcc/arm-none-eabi/10.2.1/../../../../arm-none-eabi/lib/thumb/v8-m.main+fp/hard\libc.a(lib_a-strncmp.o)
                0x00009e1c                strncmp
 .text.strncpy  0x00009e94       0x64 d:/rt-threadstudio/repo/extract/toolchain_support_packages/arm/gnu_tools_for_arm_embedded_processors/10.2.1/bin/../lib/gcc/arm-none-eabi/10.2.1/../../../../arm-none-eabi/lib/thumb/v8-m.main+fp/hard\libc.a(lib_a-strncpy.o)
                0x00009e94                strncpy
 .text.startup.register_fini
                0x00009ef8       0x14 d:/rt-threadstudio/repo/extract/toolchain_support_packages/arm/gnu_tools_for_arm_embedded_processors/10.2.1/bin/../lib/gcc/arm-none-eabi/10.2.1/../../../../arm-none-eabi/lib/thumb/v8-m.main+fp/hard\libc.a(lib_a-__call_atexit.o)
 .text.atexit   0x00009f0c        0xc d:/rt-threadstudio/repo/extract/toolchain_support_packages/arm/gnu_tools_for_arm_embedded_processors/10.2.1/bin/../lib/gcc/arm-none-eabi/10.2.1/../../../../arm-none-eabi/lib/thumb/v8-m.main+fp/hard\libc.a(lib_a-atexit.o)
                0x00009f0c                atexit
 .text.__libc_fini_array
                0x00009f18       0x2c d:/rt-threadstudio/repo/extract/toolchain_support_packages/arm/gnu_tools_for_arm_embedded_processors/10.2.1/bin/../lib/gcc/arm-none-eabi/10.2.1/../../../../arm-none-eabi/lib/thumb/v8-m.main+fp/hard\libc.a(lib_a-fini.o)
                0x00009f18                __libc_fini_array
 .text.__retarget_lock_acquire_recursive
                0x00009f44        0x4 d:/rt-threadstudio/repo/extract/toolchain_support_packages/arm/gnu_tools_for_arm_embedded_processors/10.2.1/bin/../lib/gcc/arm-none-eabi/10.2.1/../../../../arm-none-eabi/lib/thumb/v8-m.main+fp/hard\libc.a(lib_a-lock.o)
                0x00009f44                __retarget_lock_acquire_recursive
 .text.__retarget_lock_release_recursive
                0x00009f48        0x4 d:/rt-threadstudio/repo/extract/toolchain_support_packages/arm/gnu_tools_for_arm_embedded_processors/10.2.1/bin/../lib/gcc/arm-none-eabi/10.2.1/../../../../arm-none-eabi/lib/thumb/v8-m.main+fp/hard\libc.a(lib_a-lock.o)
                0x00009f48                __retarget_lock_release_recursive
 .text.__register_exitproc
                0x00009f4c       0x90 d:/rt-threadstudio/repo/extract/toolchain_support_packages/arm/gnu_tools_for_arm_embedded_processors/10.2.1/bin/../lib/gcc/arm-none-eabi/10.2.1/../../../../arm-none-eabi/lib/thumb/v8-m.main+fp/hard\libc.a(lib_a-__atexit.o)
                0x00009f4c                __register_exitproc
 *(.version)
 .version       0x00009fdc       0x50 ./ra/fsp/src/bsp/mcu/all/bsp_common.o
 *(.init)
 .init          0x0000a02c        0x4 d:/rt-threadstudio/repo/extract/toolchain_support_packages/arm/gnu_tools_for_arm_embedded_processors/10.2.1/bin/../lib/gcc/arm-none-eabi/10.2.1/thumb/v8-m.main+fp/hard/crti.o
                0x0000a02c                _init
 .init          0x0000a030        0x8 d:/rt-threadstudio/repo/extract/toolchain_support_packages/arm/gnu_tools_for_arm_embedded_processors/10.2.1/bin/../lib/gcc/arm-none-eabi/10.2.1/thumb/v8-m.main+fp/hard/crtn.o
 *(.fini)
 .fini          0x0000a038        0x4 d:/rt-threadstudio/repo/extract/toolchain_support_packages/arm/gnu_tools_for_arm_embedded_processors/10.2.1/bin/../lib/gcc/arm-none-eabi/10.2.1/thumb/v8-m.main+fp/hard/crti.o
                0x0000a038                _fini
 .fini          0x0000a03c        0x8 d:/rt-threadstudio/repo/extract/toolchain_support_packages/arm/gnu_tools_for_arm_embedded_processors/10.2.1/bin/../lib/gcc/arm-none-eabi/10.2.1/thumb/v8-m.main+fp/hard/crtn.o
                0x0000a044                . = ALIGN (0x4)
                0x0000a044                __fsymtab_start = .
 *(FSymTab)
 FSymTab        0x0000a044       0x78 ./rt-thread/components/finsh/cmd.o
                0x0000a044                __fsym_clear
                0x0000a050                __fsym_version
                0x0000a05c                __fsym_list_thread
                0x0000a068                __fsym_list_sem
                0x0000a074                __fsym_list_event
                0x0000a080                __fsym_list_mutex
                0x0000a08c                __fsym_list_mailbox
                0x0000a098                __fsym_list_msgqueue
                0x0000a0a4                __fsym_list_timer
                0x0000a0b0                __fsym_list_device
 FSymTab        0x0000a0bc       0x24 ./rt-thread/components/finsh/msh.o
                0x0000a0bc                __fsym_help
                0x0000a0c8                __fsym_ps
                0x0000a0d4                __fsym_free
 FSymTab        0x0000a0e0        0xc ./libraries/HAL_Drivers/drv_common.o
                0x0000a0e0                __fsym_reboot
                0x0000a0ec                __fsymtab_end = .
                0x0000a0ec                . = ALIGN (0x4)
                0x0000a0ec                __vsymtab_start = .
 *(VSymTab)
                0x0000a0ec                __vsymtab_end = .
                0x0000a0ec                . = ALIGN (0x4)
                0x0000a0ec                __rt_init_start = .
 *(SORT_BY_NAME(.rti_fn*))
 .rti_fn.0      0x0000a0ec        0x4 ./rt-thread/src/components.o
                0x0000a0ec                __rt_init_rti_start
 .rti_fn.0.end  0x0000a0f0        0x4 ./rt-thread/src/components.o
                0x0000a0f0                __rt_init_rti_board_start
 .rti_fn.1.end  0x0000a0f4        0x4 ./rt-thread/src/components.o
                0x0000a0f4                __rt_init_rti_board_end
 .rti_fn.6      0x0000a0f8        0x4 ./rt-thread/components/finsh/shell.o
                0x0000a0f8                __rt_init_finsh_system_init
 .rti_fn.6.end  0x0000a0fc        0x4 ./rt-thread/src/components.o
                0x0000a0fc                __rt_init_rti_end
                0x0000a100                __rt_init_end = .
                0x0000a100                . = ALIGN (0x4)
 *(FalPartTable)
 *crtbegin.o(.ctors)
 *crtbegin?.o(.ctors)
 *(EXCLUDE_FILE(*crtend.o *crtend?.o) .ctors)
 *(SORT_BY_NAME(.ctors.*))
 *(.ctors)
 *crtbegin.o(.dtors)
 *crtbegin?.o(.dtors)
 *(EXCLUDE_FILE(*crtend.o *crtend?.o) .dtors)
 *(SORT_BY_NAME(.dtors.*))
 *(.dtors)
 *(.rodata*)
 .rodata        0x0000a100       0x25 ./src/hal_entry.o
 *fill*         0x0000a125        0x3 ff
 .rodata        0x0000a128       0x17 ./rt-thread/src/components.o
 *fill*         0x0000a13f        0x1 ff
 .rodata.__FUNCTION__.0
                0x0000a140       0x14 ./rt-thread/src/components.o
 .rodata        0x0000a154       0xbc ./rt-thread/src/device.o
 .rodata.__FUNCTION__.6
                0x0000a210        0xf ./rt-thread/src/device.o
 *fill*         0x0000a21f        0x1 ff
 .rodata.__FUNCTION__.5
                0x0000a220       0x10 ./rt-thread/src/device.o
 .rodata.__FUNCTION__.4
                0x0000a230        0xf ./rt-thread/src/device.o
 *fill*         0x0000a23f        0x1 ff
 .rodata.__FUNCTION__.3
                0x0000a240       0x10 ./rt-thread/src/device.o
 .rodata.__FUNCTION__.1
                0x0000a250       0x1a ./rt-thread/src/device.o
 *fill*         0x0000a26a        0x2 ff
 .rodata        0x0000a26c        0x8 ./rt-thread/src/idle.o
 .rodata        0x0000a274      0x4de ./rt-thread/src/ipc.o
 *fill*         0x0000a752        0x2 ff
 .rodata.__FUNCTION__.37
                0x0000a754        0xc ./rt-thread/src/ipc.o
 .rodata.__FUNCTION__.33
                0x0000a760        0xc ./rt-thread/src/ipc.o
 .rodata.__FUNCTION__.32
                0x0000a76c       0x12 ./rt-thread/src/ipc.o
 *fill*         0x0000a77e        0x2 ff
 .rodata.__FUNCTION__.31
                0x0000a780        0xf ./rt-thread/src/ipc.o
 *fill*         0x0000a78f        0x1 ff
 .rodata.__FUNCTION__.29
                0x0000a790        0xe ./rt-thread/src/ipc.o
 *fill*         0x0000a79e        0x2 ff
 .rodata.__FUNCTION__.25
                0x0000a7a0        0xe ./rt-thread/src/ipc.o
 *fill*         0x0000a7ae        0x2 ff
 .rodata.__FUNCTION__.24
                0x0000a7b0       0x11 ./rt-thread/src/ipc.o
 *fill*         0x0000a7c1        0x3 ff
 .rodata        0x0000a7c4      0x107 ./rt-thread/src/kservice.o
 *fill*         0x0000a8cb        0x1 ff
 .rodata.large_digits.4
                0x0000a8cc       0x11 ./rt-thread/src/kservice.o
 *fill*         0x0000a8dd        0x3 ff
 .rodata.small_digits.3
                0x0000a8e0       0x11 ./rt-thread/src/kservice.o
 *fill*         0x0000a8f1        0x3 ff
 .rodata.__FUNCTION__.1
                0x0000a8f4       0x14 ./rt-thread/src/kservice.o
 .rodata.__FUNCTION__.0
                0x0000a908        0xd ./rt-thread/src/kservice.o
 *fill*         0x0000a915        0x3 ff
 .rodata        0x0000a918      0x41b ./rt-thread/src/mem.o
 *fill*         0x0000ad33        0x1 ff
 .rodata.__FUNCTION__.4
                0x0000ad34        0xb ./rt-thread/src/mem.o
 *fill*         0x0000ad3f        0x1 ff
 .rodata.__FUNCTION__.2
                0x0000ad40        0xe ./rt-thread/src/mem.o
 *fill*         0x0000ad4e        0x2 ff
 .rodata.__FUNCTION__.0
                0x0000ad50        0xd ./rt-thread/src/mem.o
 *fill*         0x0000ad5d        0x3 ff
 .rodata        0x0000ad60       0x91 ./rt-thread/src/object.o
 *fill*         0x0000adf1        0x3 ff
 .rodata.__FUNCTION__.6
                0x0000adf4        0xf ./rt-thread/src/object.o
 *fill*         0x0000ae03        0x1 ff
 .rodata.__FUNCTION__.5
                0x0000ae04       0x11 ./rt-thread/src/object.o
 *fill*         0x0000ae15        0x3 ff
 .rodata.__FUNCTION__.4
                0x0000ae18       0x13 ./rt-thread/src/object.o
 *fill*         0x0000ae2b        0x1 ff
 .rodata.__FUNCTION__.3
                0x0000ae2c       0x11 ./rt-thread/src/object.o
 *fill*         0x0000ae3d        0x3 ff
 .rodata.__FUNCTION__.2
                0x0000ae40       0x1a ./rt-thread/src/object.o
 *fill*         0x0000ae5a        0x2 ff
 .rodata.__FUNCTION__.1
                0x0000ae5c       0x13 ./rt-thread/src/object.o
 *fill*         0x0000ae6f        0x1 ff
 .rodata.__FUNCTION__.0
                0x0000ae70        0xf ./rt-thread/src/object.o
 *fill*         0x0000ae7f        0x1 ff
 .rodata        0x0000ae80       0x65 ./rt-thread/src/scheduler.o
 *fill*         0x0000aee5        0x3 ff
 .rodata.__FUNCTION__.2
                0x0000aee8       0x1a ./rt-thread/src/scheduler.o
 *fill*         0x0000af02        0x2 ff
 .rodata.__FUNCTION__.1
                0x0000af04       0x1a ./rt-thread/src/scheduler.o
 *fill*         0x0000af1e        0x2 ff
 .rodata.__FUNCTION__.0
                0x0000af20       0x1a ./rt-thread/src/scheduler.o
 *fill*         0x0000af3a        0x2 ff
 .rodata        0x0000af3c      0x19f ./rt-thread/src/thread.o
 *fill*         0x0000b0db        0x1 ff
 .rodata.__FUNCTION__.10
                0x0000b0dc       0x10 ./rt-thread/src/thread.o
 .rodata.__FUNCTION__.9
                0x0000b0ec        0xd ./rt-thread/src/thread.o
 *fill*         0x0000b0f9        0x3 ff
 .rodata.__FUNCTION__.8
                0x0000b0fc        0xf ./rt-thread/src/thread.o
 *fill*         0x0000b10b        0x1 ff
 .rodata.__FUNCTION__.7
                0x0000b10c       0x12 ./rt-thread/src/thread.o
 *fill*         0x0000b11e        0x2 ff
 .rodata.__FUNCTION__.6
                0x0000b120       0x11 ./rt-thread/src/thread.o
 *fill*         0x0000b131        0x3 ff
 .rodata.__FUNCTION__.5
                0x0000b134       0x11 ./rt-thread/src/thread.o
 *fill*         0x0000b145        0x3 ff
 .rodata.__FUNCTION__.4
                0x0000b148       0x10 ./rt-thread/src/thread.o
 .rodata.__FUNCTION__.2
                0x0000b158       0x12 ./rt-thread/src/thread.o
 *fill*         0x0000b16a        0x2 ff
 .rodata.__FUNCTION__.1
                0x0000b16c       0x12 ./rt-thread/src/thread.o
 *fill*         0x0000b17e        0x2 ff
 .rodata.__FUNCTION__.0
                0x0000b180       0x11 ./rt-thread/src/thread.o
 *fill*         0x0000b191        0x3 ff
 .rodata        0x0000b194      0x10e ./rt-thread/src/timer.o
 *fill*         0x0000b2a2        0x2 ff
 .rodata.__FUNCTION__.7
                0x0000b2a4        0xe ./rt-thread/src/timer.o
 *fill*         0x0000b2b2        0x2 ff
 .rodata.__FUNCTION__.6
                0x0000b2b4       0x10 ./rt-thread/src/timer.o
 .rodata.__FUNCTION__.3
                0x0000b2c4        0xf ./rt-thread/src/timer.o
 *fill*         0x0000b2d3        0x1 ff
 .rodata.__FUNCTION__.1
                0x0000b2d4        0xe ./rt-thread/src/timer.o
 *fill*         0x0000b2e2        0x2 ff
 .rodata.__FUNCTION__.0
                0x0000b2e4       0x11 ./rt-thread/src/timer.o
 *fill*         0x0000b2f5        0x3 ff
 .rodata        0x0000b2f8      0x2ce ./rt-thread/libcpu/arm/cortex-m4/cpuport.o
 *fill*         0x0000b5c6        0x2 ff
 .rodata        0x0000b5c8      0x5d3 ./rt-thread/components/finsh/cmd.o
 *fill*         0x0000bb9b        0x1 ff
 .rodata.name   0x0000bb9c      0x176 ./rt-thread/components/finsh/cmd.o
                0x0000bb9c                __fsym_clear_name
                0x0000bba4                __fsym_clear_desc
                0x0000bbc0                __fsym_version_name
                0x0000bbc8                __fsym_version_desc
                0x0000bbec                __fsym_list_thread_name
                0x0000bbf8                __fsym_list_thread_desc
                0x0000bc04                __fsym_list_sem_name
                0x0000bc10                __fsym_list_sem_desc
                0x0000bc2c                __fsym_list_event_name
                0x0000bc38                __fsym_list_event_desc
                0x0000bc50                __fsym_list_mutex_name
                0x0000bc5c                __fsym_list_mutex_desc
                0x0000bc74                __fsym_list_mailbox_name
                0x0000bc84                __fsym_list_mailbox_desc
                0x0000bc9c                __fsym_list_msgqueue_name
                0x0000bcac                __fsym_list_msgqueue_desc
                0x0000bccc                __fsym_list_timer_name
                0x0000bcd8                __fsym_list_timer_desc
                0x0000bcf0                __fsym_list_device_name
                0x0000bcfc                __fsym_list_device_desc
 *fill*         0x0000bd12        0x2 ff
 .rodata.device_type_str
                0x0000bd14       0x64 ./rt-thread/components/finsh/cmd.o
 .rodata        0x0000bd78       0xa8 ./rt-thread/components/finsh/msh.o
 .rodata.name   0x0000be20       0x6d ./rt-thread/components/finsh/msh.o
                0x0000be20                __fsym_help_name
                0x0000be28                __fsym_help_desc
                0x0000be40                __fsym_ps_name
                0x0000be44                __fsym_ps_desc
                0x0000be60                __fsym_free_name
                0x0000be68                __fsym_free_desc
 *fill*         0x0000be8d        0x3 ff
 .rodata.__FUNCTION__.0
                0x0000be90        0xe ./rt-thread/components/finsh/msh.o
 *fill*         0x0000be9e        0x2 ff
 .rodata        0x0000bea0       0x91 ./rt-thread/components/finsh/shell.o
 *fill*         0x0000bf31        0x3 ff
 .rodata.__FUNCTION__.6
                0x0000bf34       0x16 ./rt-thread/components/finsh/shell.o
 *fill*         0x0000bf4a        0x2 ff
 .rodata.__FUNCTION__.5
                0x0000bf4c        0xe ./rt-thread/components/finsh/shell.o
 *fill*         0x0000bf5a        0x2 ff
 .rodata.__FUNCTION__.4
                0x0000bf5c        0xd ./rt-thread/components/finsh/shell.o
 *fill*         0x0000bf69        0x3 ff
 .rodata.__FUNCTION__.3
                0x0000bf6c       0x11 ./rt-thread/components/finsh/shell.o
 *fill*         0x0000bf7d        0x3 ff
 .rodata        0x0000bf80      0x18b ./rt-thread/components/drivers/serial/serial_v2.o
 *fill*         0x0000c10b        0x1 ff
 .rodata.__FUNCTION__.18
                0x0000c10c       0x1c ./rt-thread/components/drivers/serial/serial_v2.o
 .rodata.__FUNCTION__.17
                0x0000c128       0x1c ./rt-thread/components/drivers/serial/serial_v2.o
 .rodata.__FUNCTION__.16
                0x0000c144       0x1d ./rt-thread/components/drivers/serial/serial_v2.o
 *fill*         0x0000c161        0x3 ff
 .rodata.__FUNCTION__.15
                0x0000c164       0x10 ./rt-thread/components/drivers/serial/serial_v2.o
 .rodata.__FUNCTION__.14
                0x0000c174       0x10 ./rt-thread/components/drivers/serial/serial_v2.o
 .rodata.__FUNCTION__.13
                0x0000c184       0x10 ./rt-thread/components/drivers/serial/serial_v2.o
 .rodata.__FUNCTION__.12
                0x0000c194       0x1e ./rt-thread/components/drivers/serial/serial_v2.o
 *fill*         0x0000c1b2        0x2 ff
 .rodata.__FUNCTION__.11
                0x0000c1b4       0x1d ./rt-thread/components/drivers/serial/serial_v2.o
 *fill*         0x0000c1d1        0x3 ff
 .rodata.__FUNCTION__.10
                0x0000c1d4       0x1c ./rt-thread/components/drivers/serial/serial_v2.o
 .rodata.__FUNCTION__.9
                0x0000c1f0       0x14 ./rt-thread/components/drivers/serial/serial_v2.o
 .rodata.__FUNCTION__.8
                0x0000c204       0x14 ./rt-thread/components/drivers/serial/serial_v2.o
 .rodata.__FUNCTION__.7
                0x0000c218       0x15 ./rt-thread/components/drivers/serial/serial_v2.o
 *fill*         0x0000c22d        0x3 ff
 .rodata.__FUNCTION__.6
                0x0000c230       0x15 ./rt-thread/components/drivers/serial/serial_v2.o
 *fill*         0x0000c245        0x3 ff
 .rodata.__FUNCTION__.5
                0x0000c248        0xf ./rt-thread/components/drivers/serial/serial_v2.o
 *fill*         0x0000c257        0x1 ff
 .rodata.__FUNCTION__.4
                0x0000c258        0xf ./rt-thread/components/drivers/serial/serial_v2.o
 *fill*         0x0000c267        0x1 ff
 .rodata.__FUNCTION__.3
                0x0000c268       0x10 ./rt-thread/components/drivers/serial/serial_v2.o
 .rodata.__FUNCTION__.2
                0x0000c278       0x12 ./rt-thread/components/drivers/serial/serial_v2.o
 *fill*         0x0000c28a        0x2 ff
 .rodata.__FUNCTION__.1
                0x0000c28c       0x16 ./rt-thread/components/drivers/serial/serial_v2.o
 *fill*         0x0000c2a2        0x2 ff
 .rodata.__FUNCTION__.0
                0x0000c2a4       0x11 ./rt-thread/components/drivers/serial/serial_v2.o
 *fill*         0x0000c2b5        0x3 ff
 .rodata        0x0000c2b8       0x37 ./rt-thread/components/drivers/misc/pin.o
 *fill*         0x0000c2ef        0x1 ff
 .rodata.__FUNCTION__.9
                0x0000c2f0        0xa ./rt-thread/components/drivers/misc/pin.o
 *fill*         0x0000c2fa        0x2 ff
 .rodata.__FUNCTION__.8
                0x0000c2fc        0xb ./rt-thread/components/drivers/misc/pin.o
 *fill*         0x0000c307        0x1 ff
 .rodata.__FUNCTION__.7
                0x0000c308        0xd ./rt-thread/components/drivers/misc/pin.o
 *fill*         0x0000c315        0x3 ff
 .rodata.__FUNCTION__.2
                0x0000c318        0xd ./rt-thread/components/drivers/misc/pin.o
 *fill*         0x0000c325        0x3 ff
 .rodata.__FUNCTION__.1
                0x0000c328        0xc ./rt-thread/components/drivers/misc/pin.o
 .rodata        0x0000c334       0xd7 ./rt-thread/components/drivers/ipc/completion.o
 *fill*         0x0000c40b        0x1 ff
 .rodata.__FUNCTION__.2
                0x0000c40c       0x13 ./rt-thread/components/drivers/ipc/completion.o
 *fill*         0x0000c41f        0x1 ff
 .rodata.__FUNCTION__.1
                0x0000c420       0x13 ./rt-thread/components/drivers/ipc/completion.o
 *fill*         0x0000c433        0x1 ff
 .rodata.__FUNCTION__.0
                0x0000c434       0x13 ./rt-thread/components/drivers/ipc/completion.o
 *fill*         0x0000c447        0x1 ff
 .rodata        0x0000c448       0x19 ./rt-thread/components/drivers/ipc/ringbuffer.o
 *fill*         0x0000c461        0x3 ff
 .rodata.__FUNCTION__.10
                0x0000c464       0x13 ./rt-thread/components/drivers/ipc/ringbuffer.o
 *fill*         0x0000c477        0x1 ff
 .rodata.__FUNCTION__.9
                0x0000c478       0x12 ./rt-thread/components/drivers/ipc/ringbuffer.o
 *fill*         0x0000c48a        0x2 ff
 .rodata.__FUNCTION__.7
                0x0000c48c       0x12 ./rt-thread/components/drivers/ipc/ringbuffer.o
 *fill*         0x0000c49e        0x2 ff
 .rodata.__FUNCTION__.5
                0x0000c4a0       0x16 ./rt-thread/components/drivers/ipc/ringbuffer.o
 *fill*         0x0000c4b6        0x2 ff
 .rodata.g_ioport
                0x0000c4b8        0xc ./ra_gen/common_data.o
                0x0000c4b8                g_ioport
 .rodata.g_uart7_cfg_extend
                0x0000c4c4       0x10 ./ra_gen/hal_data.o
                0x0000c4c4                g_uart7_cfg_extend
 .rodata.g_uart7_cfg
                0x0000c4d4       0x20 ./ra_gen/hal_data.o
                0x0000c4d4                g_uart7_cfg
 .rodata.g_bsp_pin_cfg_data
                0x0000c4f4      0x140 ./ra_gen/pin_data.o
                0x0000c4f4                g_bsp_pin_cfg_data
 .rodata.g_bsp_pin_cfg
                0x0000c634        0x8 ./ra_gen/pin_data.o
                0x0000c634                g_bsp_pin_cfg
 .rodata.g_interrupt_event_link_select
                0x0000c63c       0xc0 ./ra_gen/vector_data.o
                0x0000c63c                g_interrupt_event_link_select
 .rodata.g_ioport_on_ioport
                0x0000c6fc       0x38 ./ra/fsp/src/r_ioport/r_ioport.o
                0x0000c6fc                g_ioport_on_ioport
 .rodata.g_vbatt_pins_input
                0x0000c734        0x6 ./ra/fsp/src/r_ioport/r_ioport.o
 *fill*         0x0000c73a        0x2 ff
 .rodata.g_prcr_masks
                0x0000c73c        0x8 ./ra/fsp/src/bsp/mcu/all/bsp_register_protection.o
 .rodata.name   0x0000c744       0x16 ./libraries/HAL_Drivers/drv_common.o
                0x0000c744                __fsym_reboot_name
                0x0000c74c                __fsym_reboot_desc
 *fill*         0x0000c75a        0x2 ff
 .rodata        0x0000c75c        0x6 ./libraries/HAL_Drivers/drv_common.o
 *fill*         0x0000c762        0x2 ff
 .rodata        0x0000c764       0xc0 ./libraries/HAL_Drivers/drv_gpio.o
 .rodata._ra_pin_ops
                0x0000c824       0x1c ./libraries/HAL_Drivers/drv_gpio.o
 .rodata        0x0000c840       0x6d ./libraries/HAL_Drivers/drv_usart_v2.o
 *fill*         0x0000c8ad        0x3 ff
 .rodata.ra_uart_ops
                0x0000c8b0       0x14 ./libraries/HAL_Drivers/drv_usart_v2.o
 .rodata.__FUNCTION__.3
                0x0000c8c4       0x12 ./libraries/HAL_Drivers/drv_usart_v2.o
 *fill*         0x0000c8d6        0x2 ff
 .rodata.__FUNCTION__.2
                0x0000c8d8        0xd ./libraries/HAL_Drivers/drv_usart_v2.o
 *fill*         0x0000c8e5        0x3 ff
 .rodata.__FUNCTION__.1
                0x0000c8e8       0x14 ./libraries/HAL_Drivers/drv_usart_v2.o
 .rodata.__FUNCTION__.0
                0x0000c8fc       0x11 ./libraries/HAL_Drivers/drv_usart_v2.o
 *fill*         0x0000c90d        0x3 ff
 .rodata._global_impure_ptr
                0x0000c910        0x4 d:/rt-threadstudio/repo/extract/toolchain_support_packages/arm/gnu_tools_for_arm_embedded_processors/10.2.1/bin/../lib/gcc/arm-none-eabi/10.2.1/../../../../arm-none-eabi/lib/thumb/v8-m.main+fp/hard\libc.a(lib_a-impure.o)
                0x0000c910                _global_impure_ptr
                0x0000c914                __usb_dev_descriptor_start_fs = .
 *(.usb_device_desc_fs*)
                0x0000c914                __usb_cfg_descriptor_start_fs = .
 *(.usb_config_desc_fs*)
                0x0000c914                __usb_interface_descriptor_start_fs = .
 *(.usb_interface_desc_fs*)
                0x0000c914                __usb_descriptor_end_fs = .
                0x0000c914                __usb_dev_descriptor_start_hs = .
 *(.usb_device_desc_hs*)
                0x0000c914                __usb_cfg_descriptor_start_hs = .
 *(.usb_config_desc_hs*)
                0x0000c914                __usb_interface_descriptor_start_hs = .
 *(.usb_interface_desc_hs*)
                0x0000c914                __usb_descriptor_end_hs = .
 *(.eh_frame*)
 .eh_frame      0x0000c914        0x0 d:/rt-threadstudio/repo/extract/toolchain_support_packages/arm/gnu_tools_for_arm_embedded_processors/10.2.1/bin/../lib/gcc/arm-none-eabi/10.2.1/thumb/v8-m.main+fp/hard/crtbegin.o
 .eh_frame      0x0000c914        0x4 d:/rt-threadstudio/repo/extract/toolchain_support_packages/arm/gnu_tools_for_arm_embedded_processors/10.2.1/bin/../lib/gcc/arm-none-eabi/10.2.1/thumb/v8-m.main+fp/hard/crtend.o
                0x0000c918                __ROM_End = .
                0x000001c0                __Vectors_Size = (__Vectors_End - __Vectors)

.glue_7         0x0000c918        0x0
 .glue_7        0x0000c918        0x0 linker stubs

.glue_7t        0x0000c918        0x0
 .glue_7t       0x0000c918        0x0 linker stubs

.vfp11_veneer   0x0000c918        0x0
 .vfp11_veneer  0x0000c918        0x0 linker stubs

.v4_bx          0x0000c918        0x0
 .v4_bx         0x0000c918        0x0 linker stubs

.iplt           0x0000c918        0x0
 .iplt          0x0000c918        0x0 d:/rt-threadstudio/repo/extract/toolchain_support_packages/arm/gnu_tools_for_arm_embedded_processors/10.2.1/bin/../lib/gcc/arm-none-eabi/10.2.1/thumb/v8-m.main+fp/hard/crtbegin.o

.ARM.extab
 *(.ARM.extab* .gnu.linkonce.armextab.*)
                0x0000c918                __exidx_start = .

.ARM.exidx
 *(.ARM.exidx* .gnu.linkonce.armexidx.*)
                0x0000c918                __exidx_end = .
                0x0000c918                __etext = .
                0x20000000                __tz_RAM_S = ORIGIN (RAM)

.fsp_dtc_vector_table
                0x20000000        0x0
                0x20000000                . = ORIGIN (RAM)
 *(.fsp_dtc_vector_table)

.data           0x20000000      0x4e8 load address 0x0000c918
                0x20000000                __data_start__ = .
                0x20000000                . = ALIGN (0x4)
                0x20000000                __Code_In_RAM_Start = .
 *(.code_in_ram*)
                0x20000000                __Code_In_RAM_End = .
 *(vtable)
 *(.data.*)
 .data._rt_thread_defunct
                0x20000000        0x8 ./rt-thread/src/idle.o
 .data._object_container
                0x20000008       0x90 ./rt-thread/src/object.o
 .data._soft_timer_status
                0x20000098        0x1 ./rt-thread/src/timer.o
 *fill*         0x20000099        0x3 
 .data.g_uart7_baud_setting
                0x2000009c        0x4 ./ra_gen/hal_data.o
                0x2000009c                g_uart7_baud_setting
 .data.uart_config
                0x200000a0        0xc ./libraries/HAL_Drivers/drv_usart_v2.o
 *fill*         0x200000ac        0x4 
 .data.impure_data
                0x200000b0      0x428 d:/rt-threadstudio/repo/extract/toolchain_support_packages/arm/gnu_tools_for_arm_embedded_processors/10.2.1/bin/../lib/gcc/arm-none-eabi/10.2.1/../../../../arm-none-eabi/lib/thumb/v8-m.main+fp/hard\libc.a(lib_a-impure.o)
 .data.__atexit_recursive_mutex
                0x200004d8        0x4 d:/rt-threadstudio/repo/extract/toolchain_support_packages/arm/gnu_tools_for_arm_embedded_processors/10.2.1/bin/../lib/gcc/arm-none-eabi/10.2.1/../../../../arm-none-eabi/lib/thumb/v8-m.main+fp/hard\libc.a(lib_a-__call_atexit.o)
                0x200004d8                __atexit_recursive_mutex
 *(.data)
                0x200004dc                . = ALIGN (0x4)
                [!provide]                PROVIDE (__preinit_array_start = .)
 *(.preinit_array)
                [!provide]                PROVIDE (__preinit_array_end = .)
                0x200004dc                . = ALIGN (0x4)
                0x200004dc                PROVIDE (__init_array_start = .)
 *(SORT_BY_NAME(.init_array.*))
 .init_array.00000
                0x200004dc        0x4 d:/rt-threadstudio/repo/extract/toolchain_support_packages/arm/gnu_tools_for_arm_embedded_processors/10.2.1/bin/../lib/gcc/arm-none-eabi/10.2.1/../../../../arm-none-eabi/lib/thumb/v8-m.main+fp/hard\libc.a(lib_a-__call_atexit.o)
 *(.init_array)
 .init_array    0x200004e0        0x4 d:/rt-threadstudio/repo/extract/toolchain_support_packages/arm/gnu_tools_for_arm_embedded_processors/10.2.1/bin/../lib/gcc/arm-none-eabi/10.2.1/thumb/v8-m.main+fp/hard/crtbegin.o
                0x200004e4                PROVIDE (__init_array_end = .)
                0x200004e4                . = ALIGN (0x4)
                0x200004e4                PROVIDE (__fini_array_start = .)
 *(SORT_BY_NAME(.fini_array.*))
 *(.fini_array)
 .fini_array    0x200004e4        0x4 d:/rt-threadstudio/repo/extract/toolchain_support_packages/arm/gnu_tools_for_arm_embedded_processors/10.2.1/bin/../lib/gcc/arm-none-eabi/10.2.1/thumb/v8-m.main+fp/hard/crtbegin.o
                0x200004e8                PROVIDE (__fini_array_end = .)
 *(.jcr*)
                0x200004e8                . = ALIGN (0x4)
                0x200004e8                __data_end__ = .

.igot.plt       0x200004e8        0x0 load address 0x0000ce00
 .igot.plt      0x200004e8        0x0 d:/rt-threadstudio/repo/extract/toolchain_support_packages/arm/gnu_tools_for_arm_embedded_processors/10.2.1/bin/../lib/gcc/arm-none-eabi/10.2.1/thumb/v8-m.main+fp/hard/crtbegin.o

.gnu.sgstubs    0x0000d000        0x0
                0x0000d000                . = (DEFINED (PROJECT_SECURE) && DEFINED (FLASH_NSC_START))?ABSOLUTE (FLASH_NSC_START):ALIGN (0x400)
                0x0000d000                __tz_FLASH_C = DEFINED (FLASH_NSC_START)?ABSOLUTE (FLASH_NSC_START):__RESERVE_NS_RAM?ABSOLUTE ((FLASH_START + FLASH_LENGTH)):ALIGN (0x400)
                0x0000d000                _start_sg = .
 *(.gnu.sgstubs*)
                0x0000d000                . = ALIGN (0x20)
                0x0000d000                _end_sg = .
                0x00010000                __tz_FLASH_N = DEFINED (FLASH_NS_START)?ABSOLUTE (FLASH_NS_START):__RESERVE_NS_RAM?ABSOLUTE ((FLASH_START + FLASH_LENGTH)):(FLASH_LENGTH < 0x8000)?FLASH_LENGTH:ALIGN (0x8000)
                0x00010000                FLASH_NS_IMAGE_START = DEFINED (FLASH_NS_IMAGE_START)?FLASH_NS_IMAGE_START:__tz_FLASH_N
                0x60000000                __tz_QSPI_FLASH_S = ORIGIN (QSPI_FLASH)

.qspi_flash     0x60000000        0x0
                0x60000000                __qspi_flash_start__ = .
 *(.qspi_flash*)
 *(.code_in_qspi*)
                0x60000000                __qspi_flash_end__ = .
                0x00000000                __qspi_flash_code_size__ = (__qspi_flash_end__ - __qspi_flash_start__)
                0x0000ce00                __qspi_flash_code_addr__ = (__etext + (__data_end__ - __data_start__))

.qspi_non_retentive
                0x60000000        0x0 load address 0x0000ce00
                0x60000000                __qspi_non_retentive_start__ = .
 *(.qspi_non_retentive*)
                0x60000000                __qspi_non_retentive_end__ = .
                0x00000000                __qspi_non_retentive_size__ = (__qspi_non_retentive_end__ - __qspi_non_retentive_start__)
                0x04000000                __qspi_region_max_size__ = 0x4000000
                0x60000000                __qspi_region_start_address__ = __qspi_flash_start__
                0x64000000                __qspi_region_end_address__ = (__qspi_flash_start__ + __qspi_region_max_size__)
                0x60000000                __tz_QSPI_FLASH_N = __qspi_non_retentive_end__

.OSPI_DEVICE_0_NO_LOAD
                0x68000000        0x0
                0x68000000                . = ALIGN (0x4)
                0x68000000                __ospi_device_0_start__ = .
 *(.ospi_device_0_no_load*)
                0x68000000                . = ALIGN (0x4)
                0x68000000                __ospi_device_0_end__ = .

.OSPI_DEVICE_1_NO_LOAD
                0x70000000        0x0
                0x70000000                . = ALIGN (0x4)
                0x70000000                __ospi_device_1_start__ = .
 *(.ospi_device_1_no_load*)
                0x70000000                . = ALIGN (0x4)
                0x70000000                __ospi_device_1_end__ = .
                0x68000000                __tz_OSPI_DEVICE_0_S = ORIGIN (OSPI_DEVICE_0)

.OSPI_DEVICE_0  0x68000000        0x0
                0x68000000                __ospi_device_0_start__ = .
 *(.ospi_device_0*)
 *(.code_in_ospi_device_0*)
                0x68000000                __ospi_device_0_end__ = .
                0x00000000                __ospi_device_0_code_size__ = (__ospi_device_0_end__ - __ospi_device_0_start__)
                0x0000ce00                __ospi_device_0_code_addr__ = (__etext + (__data_end__ - __data_start__))

.ospi_device_0_non_retentive
                0x68000000        0x0 load address 0x0000ce00
                0x68000000                __ospi_device_0_non_retentive_start__ = .
 *(.ospi_device_0_non_retentive*)
                0x68000000                __ospi_device_0_non_retentive_end__ = .
                0x00000000                __ospi_device_0_non_retentive_size__ = (__ospi_device_0_non_retentive_end__ - __ospi_device_0_non_retentive_start__)
                0x08000000                __ospi_device_0_region_max_size__ = 0x8000000
                0x68000000                __ospi_device_0_region_start_address__ = __ospi_device_0_start__
                0x70000000                __ospi_device_0_region_end_address__ = (__ospi_device_0_start__ + __ospi_device_0_region_max_size__)
                0x68000000                __tz_OSPI_DEVICE_0_N = __ospi_device_0_non_retentive_end__
                0x70000000                __tz_OSPI_DEVICE_1_S = ORIGIN (OSPI_DEVICE_1)

.OSPI_DEVICE_1  0x70000000        0x0
                0x70000000                __ospi_device_1_start__ = .
 *(.ospi_device_1*)
 *(.code_in_ospi_device_1*)
                0x70000000                __ospi_device_1_end__ = .
                0x00000000                __ospi_device_1_code_size__ = (__ospi_device_1_end__ - __ospi_device_1_start__)
                0x0000ce00                __ospi_device_1_code_addr__ = (__etext + (__data_end__ - __data_start__))

.ospi_device_1_non_retentive
                0x70000000        0x0 load address 0x0000ce00
                0x70000000                __ospi_device_1_non_retentive_start__ = .
 *(.ospi_device_1_non_retentive*)
                0x70000000                __ospi_device_1_non_retentive_end__ = .
                0x00000000                __ospi_device_1_non_retentive_size__ = (__ospi_device_1_non_retentive_end__ - __ospi_device_1_non_retentive_start__)
                0x10000000                __ospi_device_1_region_max_size__ = 0x10000000
                0x70000000                __ospi_device_1_region_start_address__ = __ospi_device_1_start__
                0x80000000                __ospi_device_1_region_end_address__ = (__ospi_device_1_start__ + __ospi_device_1_region_max_size__)
                0x70000000                __tz_OSPI_DEVICE_1_N = __ospi_device_1_non_retentive_end__

.noinit         0x200004e8       0x20
                0x200004e8                . = ALIGN (0x4)
                0x200004e8                __noinit_start = .
 *(.noinit*)
 .noinit        0x200004e8       0x1c ./ra/fsp/src/bsp/mcu/all/bsp_clocks.o
                0x20000508                . = ALIGN (0x8)
 *fill*         0x20000504        0x4 
 *(.heap.*)
                0x20000508                __noinit_end = .

.bss            0x20000508      0x9a4
                0x20000508                . = ALIGN (0x4)
                0x20000508                __bss_start__ = .
 *(.bss*)
 .bss           0x20000508       0x1c d:/rt-threadstudio/repo/extract/toolchain_support_packages/arm/gnu_tools_for_arm_embedded_processors/10.2.1/bin/../lib/gcc/arm-none-eabi/10.2.1/thumb/v8-m.main+fp/hard/crtbegin.o
 .bss.rt_tick   0x20000524        0x4 ./rt-thread/src/clock.o
 .bss.rt_tick_hook
                0x20000528        0x4 ./rt-thread/src/clock.o
 .bss.idle      0x2000052c       0x80 ./rt-thread/src/idle.o
 .bss.rt_thread_stack
                0x200005ac      0x100 ./rt-thread/src/idle.o
 .bss.idle_hook_list
                0x200006ac       0x10 ./rt-thread/src/idle.o
 .bss.rt_interrupt_enter_hook
                0x200006bc        0x4 ./rt-thread/src/irq.o
 .bss.rt_interrupt_leave_hook
                0x200006c0        0x4 ./rt-thread/src/irq.o
 .bss.rt_interrupt_nest
                0x200006c4        0x1 ./rt-thread/src/irq.o
                0x200006c4                rt_interrupt_nest
 *fill*         0x200006c5        0x3 
 .bss.__rt_errno
                0x200006c8        0x4 ./rt-thread/src/kservice.o
 .bss._console_device
                0x200006cc        0x4 ./rt-thread/src/kservice.o
 .bss.rt_malloc_hook
                0x200006d0        0x4 ./rt-thread/src/kservice.o
 .bss.rt_free_hook
                0x200006d4        0x4 ./rt-thread/src/kservice.o
 .bss._lock     0x200006d8       0x24 ./rt-thread/src/kservice.o
 .bss.system_heap
                0x200006fc        0x4 ./rt-thread/src/kservice.o
 .bss.rt_assert_hook
                0x20000700        0x4 ./rt-thread/src/kservice.o
                0x20000700                rt_assert_hook
 .bss.rt_log_buf.2
                0x20000704       0x80 ./rt-thread/src/kservice.o
 .bss.rt_object_attach_hook
                0x20000784        0x4 ./rt-thread/src/object.o
 .bss.rt_object_detach_hook
                0x20000788        0x4 ./rt-thread/src/object.o
 .bss.rt_object_trytake_hook
                0x2000078c        0x4 ./rt-thread/src/object.o
                0x2000078c                rt_object_trytake_hook
 .bss.rt_object_take_hook
                0x20000790        0x4 ./rt-thread/src/object.o
                0x20000790                rt_object_take_hook
 .bss.rt_object_put_hook
                0x20000794        0x4 ./rt-thread/src/object.o
                0x20000794                rt_object_put_hook
 .bss.rt_thread_priority_table
                0x20000798      0x100 ./rt-thread/src/scheduler.o
                0x20000798                rt_thread_priority_table
 .bss.rt_thread_ready_priority_group
                0x20000898        0x4 ./rt-thread/src/scheduler.o
                0x20000898                rt_thread_ready_priority_group
 .bss.rt_scheduler_lock_nest
                0x2000089c        0x2 ./rt-thread/src/scheduler.o
 *fill*         0x2000089e        0x2 
 .bss.rt_current_thread
                0x200008a0        0x4 ./rt-thread/src/scheduler.o
                0x200008a0                rt_current_thread
 .bss.rt_current_priority
                0x200008a4        0x1 ./rt-thread/src/scheduler.o
                0x200008a4                rt_current_priority
 *fill*         0x200008a5        0x3 
 .bss.rt_scheduler_hook
                0x200008a8        0x4 ./rt-thread/src/scheduler.o
 .bss.rt_scheduler_switch_hook
                0x200008ac        0x4 ./rt-thread/src/scheduler.o
 .bss.rt_thread_suspend_hook
                0x200008b0        0x4 ./rt-thread/src/thread.o
 .bss.rt_thread_resume_hook
                0x200008b4        0x4 ./rt-thread/src/thread.o
 .bss.rt_thread_inited_hook
                0x200008b8        0x4 ./rt-thread/src/thread.o
 .bss._timer_list
                0x200008bc        0x8 ./rt-thread/src/timer.o
 .bss._soft_timer_list
                0x200008c4        0x8 ./rt-thread/src/timer.o
 .bss._timer_thread
                0x200008cc       0x80 ./rt-thread/src/timer.o
 .bss._timer_thread_stack
                0x2000094c      0x200 ./rt-thread/src/timer.o
 .bss.rt_timer_enter_hook
                0x20000b4c        0x4 ./rt-thread/src/timer.o
 .bss.rt_timer_exit_hook
                0x20000b50        0x4 ./rt-thread/src/timer.o
 .bss.random_nr.2
                0x20000b54        0x4 ./rt-thread/src/timer.o
 .bss.rt_interrupt_from_thread
                0x20000b58        0x4 ./rt-thread/libcpu/arm/cortex-m4/cpuport.o
                0x20000b58                rt_interrupt_from_thread
 .bss.rt_interrupt_to_thread
                0x20000b5c        0x4 ./rt-thread/libcpu/arm/cortex-m4/cpuport.o
                0x20000b5c                rt_interrupt_to_thread
 .bss.rt_thread_switch_interrupt_flag
                0x20000b60        0x4 ./rt-thread/libcpu/arm/cortex-m4/cpuport.o
                0x20000b60                rt_thread_switch_interrupt_flag
 .bss.rt_exception_hook
                0x20000b64        0x4 ./rt-thread/libcpu/arm/cortex-m4/cpuport.o
 .bss._syscall_table_begin
                0x20000b68        0x4 ./rt-thread/components/finsh/shell.o
                0x20000b68                _syscall_table_begin
 .bss._syscall_table_end
                0x20000b6c        0x4 ./rt-thread/components/finsh/shell.o
                0x20000b6c                _syscall_table_end
 .bss.shell     0x20000b70        0x4 ./rt-thread/components/finsh/shell.o
                0x20000b70                shell
 .bss.finsh_prompt_custom
                0x20000b74        0x4 ./rt-thread/components/finsh/shell.o
 .bss.finsh_prompt.8
                0x20000b78       0x81 ./rt-thread/components/finsh/shell.o
 *fill*         0x20000bf9        0x3 
 .bss._hw_pin   0x20000bfc       0x44 ./rt-thread/components/drivers/misc/pin.o
 .bss.g_ioport_ctrl
                0x20000c40        0x8 ./ra_gen/common_data.o
                0x20000c40                g_ioport_ctrl
 .bss.g_uart7_ctrl
                0x20000c48       0x30 ./ra_gen/hal_data.o
                0x20000c48                g_uart7_ctrl
 .bss.g_bsp_group_irq_sources
                0x20000c78       0x40 ./ra/fsp/src/bsp/mcu/all/bsp_group_irq.o
                0x20000c78                g_bsp_group_irq_sources